<html>
<body>
<pre>
<h1>µVision Build Log</h1>
<h2>Project:</h2>
C:\Users\JackAttack\Desktop\Final Project\FinalProject.uvproj
Project File Date:  05/16/2014

<h2>Output:</h2>
Build target 'Target 1'
compiling KBD.c...
linking...
Program Size: Code=3888 RO-data=460 RW-data=80 ZI-data=6288  
"FinalProject.axf" - 0 Error(s), 0 Warning(s).
Build target 'Target 1'
linking...
Program Size: Code=3888 RO-data=460 RW-data=80 ZI-data=6288  
"FinalProject.axf" - 0 Error(s), 0 Warning(s).
Build target 'Target 1'
linking...
Program Size: Code=3888 RO-data=460 RW-data=80 ZI-data=6288  
"FinalProject.axf" - 0 Error(s), 0 Warning(s).
Build target 'Target 1'
linking...
Program Size: Code=3888 RO-data=460 RW-data=80 ZI-data=6288  
"FinalProject.axf" - 0 Error(s), 0 Warning(s).
