ARM Linker, 5.02 [Build 28] [MDK-ARM Lite]

==============================================================================

Section Cross References

    textmessagemain.o(.text) refers to joy.o(.text) for JOY_GetKeys
    textmessagemain.o(.text) refers to serial.o(.text) for SER_Init
    textmessagemain.o(.text) refers to led.o(.text) for LED_Init
    textmessagemain.o(.text) refers to sram.o(.text) for SRAM_Init
    textmessagemain.o(.text) refers to hal_cm3.o(.emb_text) for os_set_env
    textmessagemain.o(.text) refers to rt_mailbox.o(i.rt_mbx_check) for rt_mbx_check
    textmessagemain.o(.text) refers to textmessagemain.o(.data) for timer1Hz
    textmessagemain.o(.text) refers to rt_event.o(i.rt_evt_wait) for rt_evt_wait
    textmessagemain.o(.text) refers to textmessagemain.o(.bss) for mut_osTimestamp
    textmessagemain.o(.text) refers to rt_mutex.o(i.rt_mut_wait) for rt_mut_wait
    textmessagemain.o(.text) refers to rt_event.o(i.rt_evt_get) for rt_evt_get
    textmessagemain.o(.text) refers to rt_event.o(i.rt_evt_clr) for rt_evt_clr
    textmessagemain.o(.text) refers to rt_mutex.o(i.rt_mut_release) for rt_mut_release
    textmessagemain.o(.text) refers to rt_time.o(i.rt_dly_wait) for rt_dly_wait
    textmessagemain.o(.text) refers to rt_event.o(i.rt_evt_set) for rt_evt_set
    textmessagemain.o(.text) refers to rt_semaphore.o(i.rt_sem_init) for rt_sem_init
    textmessagemain.o(.text) refers to rt_mutex.o(i.rt_mut_init) for rt_mut_init
    textmessagemain.o(.text) refers to rt_mailbox.o(i.rt_mbx_init) for rt_mbx_init
    textmessagemain.o(.text) refers to rt_task.o(i.rt_tsk_create) for rt_tsk_create
    textmessagemain.o(.text) refers to rt_task.o(i.rt_tsk_delete) for rt_tsk_delete
    textmessagemain.o(.text) refers to rt_task.o(i.rt_sys_init) for rt_sys_init
    rtx_conf_cm.o(.text) refers to rt_task.o(i.rt_tsk_self) for rt_tsk_self
    rtx_conf_cm.o(.text) refers to rt_mutex.o(i.rt_mut_init) for rt_mut_init
    rtx_conf_cm.o(.text) refers to rtx_conf_cm.o(.bss) for .bss
    rtx_conf_cm.o(.text) refers to libspace.o(.bss) for __libspace_start
    rtx_conf_cm.o(.text) refers to rtx_conf_cm.o(.data) for .data
    rtx_conf_cm.o(.text) refers to rt_mutex.o(i.rt_mut_wait) for rt_mut_wait
    rtx_conf_cm.o(.text) refers to rt_mutex.o(i.rt_mut_release) for rt_mut_release
    system_stm32f2xx.o(.text) refers to system_stm32f2xx.o(.data) for SystemCoreClock
    startup_stm32f2xx.o(STACK) refers (Special) to heapauxi.o(.text) for __use_two_region_memory
    startup_stm32f2xx.o(HEAP) refers (Special) to heapauxi.o(.text) for __use_two_region_memory
    startup_stm32f2xx.o(RESET) refers (Special) to heapauxi.o(.text) for __use_two_region_memory
    startup_stm32f2xx.o(RESET) refers to startup_stm32f2xx.o(STACK) for __initial_sp
    startup_stm32f2xx.o(RESET) refers to startup_stm32f2xx.o(.text) for Reset_Handler
    startup_stm32f2xx.o(RESET) refers to hal_cm3.o(.emb_text) for SVC_Handler
    startup_stm32f2xx.o(RESET) refers to textmessagemain.o(.text) for USART3_IRQHandler
    startup_stm32f2xx.o(.text) refers (Special) to heapauxi.o(.text) for __use_two_region_memory
    startup_stm32f2xx.o(.text) refers to system_stm32f2xx.o(.text) for SystemInit
    startup_stm32f2xx.o(.text) refers to __main.o(!!!main) for __main
    startup_stm32f2xx.o(.text) refers to startup_stm32f2xx.o(HEAP) for Heap_Mem
    startup_stm32f2xx.o(.text) refers to startup_stm32f2xx.o(STACK) for Stack_Mem
    led.o(.text) refers to led.o(.constdata) for led_mask
    joy.o(.text) refers to i2c_stm32f2xx.o(.text) for I2C_WrData
    glcd_16bitif_stm32f2xx.o(.text) refers to glcd_16bitif_stm32f2xx.o(.data) for Himax
    glcd_16bitif_stm32f2xx.o(.text) refers to glcd_16bitif_stm32f2xx.o(.constdata) for Font_6x8_h
    tsc_stmpe811.o(.text) refers to i2c_stm32f2xx.o(.text) for I2C_WrData
    rt_task.o(i.rt_block) refers to rt_list.o(i.rt_put_dly) for rt_put_dly
    rt_task.o(i.rt_block) refers to rt_list.o(i.rt_get_first) for rt_get_first
    rt_task.o(i.rt_block) refers to rt_task.o(i.rt_switch_req) for rt_switch_req
    rt_task.o(i.rt_block) refers to rt_task.o(.data) for .data
    rt_task.o(i.rt_block) refers to rt_list.o(.bss) for os_rdy
    rt_task.o(i.rt_dispatch) refers to rt_list.o(i.rt_put_rdy_first) for rt_put_rdy_first
    rt_task.o(i.rt_dispatch) refers to rt_task.o(i.rt_switch_req) for rt_switch_req
    rt_task.o(i.rt_dispatch) refers to rt_list.o(i.rt_get_first) for rt_get_first
    rt_task.o(i.rt_dispatch) refers to rt_list.o(i.rt_put_prio) for rt_put_prio
    rt_task.o(i.rt_dispatch) refers to rt_task.o(.data) for .data
    rt_task.o(i.rt_dispatch) refers to rt_list.o(.bss) for os_rdy
    rt_task.o(i.rt_init_context) refers to rt_membox.o(i.rt_alloc_box) for rt_alloc_box
    rt_task.o(i.rt_init_context) refers to hal_cm3.o(i.rt_init_stack) for rt_init_stack
    rt_task.o(i.rt_init_context) refers to rtx_conf_cm.o(.bss) for mp_stk
    rt_task.o(i.rt_switch_req) refers to hal_cm3.o(i.dbg_task_switch) for dbg_task_switch
[...]
    rt_system.o(i.rt_pop_req) refers to rtx_conf_cm.o(.bss) for os_fifo
    rt_system.o(i.rt_pop_req) refers to rt_list.o(.bss) for os_rdy
    rt_system.o(i.rt_psh_req) refers to rt_system.o(.data) for .data
    rt_system.o(i.rt_resume) refers to rt_list.o(i.rt_put_rdy_first) for rt_put_rdy_first
    rt_system.o(i.rt_resume) refers to rt_list.o(i.rt_dec_dly) for rt_dec_dly
    rt_system.o(i.rt_resume) refers to rt_timer.o(i.rt_tmr_tick) for rt_tmr_tick
    rt_system.o(i.rt_resume) refers to rt_list.o(i.rt_get_first) for rt_get_first
    rt_system.o(i.rt_resume) refers to rt_task.o(i.rt_switch_req) for rt_switch_req
    rt_system.o(i.rt_resume) refers to rt_system.o(i.rt_tsk_unlock) for rt_tsk_unlock
    rt_system.o(i.rt_resume) refers to rt_task.o(.data) for os_tsk
    rt_system.o(i.rt_resume) refers to rt_robin.o(.data) for os_robin
    rt_system.o(i.rt_resume) refers to rt_list.o(.bss) for os_dly
    rt_system.o(i.rt_resume) refers to rt_time.o(.data) for os_time
    rt_system.o(i.rt_resume) refers to rt_timer.o(.data) for os_tmr
    rt_system.o(i.rt_stk_check) refers to rtx_conf_cm.o(.text) for os_error
    rt_system.o(i.rt_stk_check) refers to rt_task.o(.data) for os_tsk
    rt_system.o(i.rt_suspend) refers to rt_system.o(i.rt_tsk_lock) for rt_tsk_lock
    rt_system.o(i.rt_suspend) refers to rt_list.o(.bss) for os_dly
    rt_system.o(i.rt_suspend) refers to rt_timer.o(.data) for os_tmr
    rt_system.o(i.rt_systick) refers to rt_list.o(i.rt_put_rdy_first) for rt_put_rdy_first
    rt_system.o(i.rt_systick) refers to rtx_conf_cm.o(.text) for rt_chk_robin
    rt_system.o(i.rt_systick) refers to rt_list.o(i.rt_dec_dly) for rt_dec_dly
    rt_system.o(i.rt_systick) refers to rt_timer.o(i.rt_tmr_tick) for rt_tmr_tick
    rt_system.o(i.rt_systick) refers to rt_list.o(i.rt_get_first) for rt_get_first
    rt_system.o(i.rt_systick) refers to rt_task.o(i.rt_switch_req) for rt_switch_req
    rt_system.o(i.rt_systick) refers to rt_task.o(.data) for os_tsk
    rt_system.o(i.rt_systick) refers to rt_time.o(.data) for os_time
    rt_system.o(i.rt_systick) refers to rt_list.o(.bss) for os_rdy
    rt_system.o(i.rt_tsk_lock) refers to rt_system.o(.data) for .data
    rt_system.o(i.rt_tsk_unlock) refers to rt_system.o(.data) for .data
    rt_list.o(i.rt_dec_dly) refers to rt_list.o(i.rt_put_prio) for rt_put_prio
    rt_list.o(i.rt_dec_dly) refers to rt_list.o(.bss) for .bss
    rt_list.o(i.rt_dec_dly) refers to rt_time.o(.data) for os_time
    rt_list.o(i.rt_get_same_rdy_prio) refers to rt_list.o(.bss) for .bss
    rt_list.o(i.rt_get_same_rdy_prio) refers to rt_task.o(.data) for os_tsk
    rt_list.o(i.rt_psq_enq) refers to rtx_conf_cm.o(.text) for os_error
    rt_list.o(i.rt_psq_enq) refers to rtx_conf_cm.o(.bss) for os_fifo
    rt_list.o(i.rt_put_dly) refers to rt_list.o(.bss) for .bss
    rt_list.o(i.rt_put_rdy_first) refers to rt_list.o(.bss) for .bss
    rt_list.o(i.rt_resort_prio) refers to rt_list.o(i.rt_rmv_list) for rt_rmv_list
    rt_list.o(i.rt_resort_prio) refers to rt_list.o(i.rt_put_prio) for rt_put_prio
    rt_list.o(i.rt_resort_prio) refers to rt_list.o(.bss) for .bss
    rt_list.o(i.rt_rmv_list) refers to rt_list.o(.bss) for .bss
    rt_membox.o(i._calloc_box) refers to hal_cm3.o(.emb_text) for _alloc_box
    rt_timer.o(i.rt_tmr_create) refers to rt_membox.o(i.rt_alloc_box) for rt_alloc_box
    rt_timer.o(i.rt_tmr_create) refers to rtx_conf_cm.o(.data) for m_tmr
    rt_timer.o(i.rt_tmr_create) refers to rt_timer.o(.data) for .data
    rt_timer.o(i.rt_tmr_kill) refers to rt_membox.o(i.rt_free_box) for rt_free_box
    rt_timer.o(i.rt_tmr_kill) refers to rt_timer.o(.data) for .data
    rt_timer.o(i.rt_tmr_kill) refers to rtx_conf_cm.o(.data) for m_tmr
    rt_timer.o(i.rt_tmr_tick) refers to rtx_conf_cm.o(.text) for os_tmr_call
    rt_timer.o(i.rt_tmr_tick) refers to rt_membox.o(i.rt_free_box) for rt_free_box
    rt_timer.o(i.rt_tmr_tick) refers to rt_timer.o(.data) for .data
    rt_timer.o(i.rt_tmr_tick) refers to rtx_conf_cm.o(.data) for m_tmr
    rt_robin.o(i.rt_chk_robin) refers to rt_list.o(i.rt_get_first) for rt_get_first
    rt_robin.o(i.rt_chk_robin) refers to rt_list.o(i.rt_put_prio) for rt_put_prio
    rt_robin.o(i.rt_chk_robin) refers to rt_robin.o(.data) for .data
    rt_robin.o(i.rt_chk_robin) refers to rt_list.o(.bss) for os_rdy
    rt_robin.o(i.rt_chk_robin) refers to rt_time.o(.data) for os_time
    rt_robin.o(i.rt_init_robin) refers to rt_robin.o(.data) for .data
    rt_robin.o(i.rt_init_robin) refers to rtx_conf_cm.o(.constdata) for os_rrobin
    libspace.o(.text) refers to libspace.o(.bss) for __libspace_start
    __main.o(!!!main) refers to rtentry.o(.ARM.Collect$$rtentry$$00000000) for __rt_entry
    rtentry.o(.ARM.Collect$$rtentry$$00000000) refers (Special) to rtentry2.o(.ARM.Collect$$rtentry$$0000000A) for __rt_entry_li
    rtentry.o(.ARM.Collect$$rtentry$$00000000) refers (Special) to rtentry2.o(.ARM.Collect$$rtentry$$0000000D) for __rt_entry_main
    rtentry.o(.ARM.Collect$$rtentry$$00000000) refers (Special) to rtentry2.o(.ARM.Collect$$rtentry$$0000000C) for __rt_entry_postli_1
    rtentry.o(.ARM.Collect$$rtentry$$00000000) refers (Special) to rtentry2.o(.ARM.Collect$$rtentry$$00000009) for __rt_entry_postsh_1
    rtentry.o(.ARM.Collect$$rtentry$$00000000) refers (Special) to rtentry2.o(.ARM.Collect$$rtentry$$00000002) for __rt_entry_presh_1
    rtentry.o(.ARM.Collect$$rtentry$$00000000) refers (Special) to rtentry4.o(.ARM.Collect$$rtentry$$00000004) for __rt_entry_sh
    rtentry2.o(.ARM.Collect$$rtentry$$00000008) refers to boardinit2.o(.text) for _platform_post_stackheap_init
    rtentry2.o(.ARM.Collect$$rtentry$$0000000A) refers to libinit.o(.ARM.Collect$$libinit$$00000000) for __rt_lib_init
    rtentry2.o(.ARM.Collect$$rtentry$$0000000B) refers to boardinit3.o(.text) for _platform_post_lib_init
    rtentry2.o(.ARM.Collect$$rtentry$$0000000D) refers to textmessagemain.o(.text) for main
    rtentry2.o(.ARM.Collect$$rtentry$$0000000D) refers to exit.o(.text) for exit
    rtentry2.o(.ARM.exidx) refers to rtentry2.o(.ARM.Collect$$rtentry$$00000001) for .ARM.Collect$$rtentry$$00000001
    rtentry2.o(.ARM.exidx) refers to rtentry2.o(.ARM.Collect$$rtentry$$00000008) for .ARM.Collect$$rtentry$$00000008
    rtentry2.o(.ARM.exidx) refers to rtentry2.o(.ARM.Collect$$rtentry$$0000000A) for .ARM.Collect$$rtentry$$0000000A
    rtentry2.o(.ARM.exidx) refers to rtentry2.o(.ARM.Collect$$rtentry$$0000000B) for .ARM.Collect$$rtentry$$0000000B
    rtentry2.o(.ARM.exidx) refers to rtentry2.o(.ARM.Collect$$rtentry$$0000000D) for .ARM.Collect$$rtentry$$0000000D
    rtentry4.o(.ARM.Collect$$rtentry$$00000004) refers to sys_stackheap_outer.o(.text) for __user_setup_stackheap
    rtentry4.o(.ARM.exidx) refers to rtentry4.o(.ARM.Collect$$rtentry$$00000004) for .ARM.Collect$$rtentry$$00000004
    sys_stackheap_outer.o(.text) refers to libspace.o(.text) for __user_perproc_libspace
    sys_stackheap_outer.o(.text) refers to startup_stm32f2xx.o(.text) for __user_initial_stackheap
    exit.o(.text) refers to rtexit.o(.ARM.Collect$$rtexit$$00000000) for __rt_exit
    libinit.o(.ARM.Collect$$libinit$$00000000) refers (Special) to libinit2.o(.ARM.Collect$$libinit$$0000002C) for __rt_lib_init_alloca_1
    libinit.o(.ARM.Collect$$libinit$$00000000) refers (Special) to libinit2.o(.ARM.Collect$$libinit$$0000002A) for __rt_lib_init_argv_1
    libinit.o(.ARM.Collect$$libinit$$00000000) refers (Special) to libinit2.o(.ARM.Collect$$libinit$$00000019) for __rt_lib_init_atexit_1
    libinit.o(.ARM.Collect$$libinit$$00000000) refers (Special) to libinit2.o(.ARM.Collect$$libinit$$0000001F) for __rt_lib_init_clock_1
    libinit.o(.ARM.Collect$$libinit$$00000000) refers (Special) to libinit2.o(.ARM.Collect$$libinit$$00000030) for __rt_lib_init_cpp_1
    libinit.o(.ARM.Collect$$libinit$$00000000) refers (Special) to libinit2.o(.ARM.Collect$$libinit$$0000002E) for __rt_lib_init_exceptions_1
    libinit.o(.ARM.Collect$$libinit$$00000000) refers (Special) to libinit2.o(.ARM.Collect$$libinit$$00000002) for __rt_lib_init_fp_1
    libinit.o(.ARM.Collect$$libinit$$00000000) refers (Special) to libinit2.o(.ARM.Collect$$libinit$$0000001D) for __rt_lib_init_fp_trap_1
    libinit.o(.ARM.Collect$$libinit$$00000000) refers (Special) to libinit2.o(.ARM.Collect$$libinit$$00000021) for __rt_lib_init_getenv_1
    libinit.o(.ARM.Collect$$libinit$$00000000) refers (Special) to libinit2.o(.ARM.Collect$$libinit$$00000008) for __rt_lib_init_heap_1
    libinit.o(.ARM.Collect$$libinit$$00000000) refers (Special) to libinit2.o(.ARM.Collect$$libinit$$0000000F) for __rt_lib_init_lc_collate_1
    libinit.o(.ARM.Collect$$libinit$$00000000) refers (Special) to libinit2.o(.ARM.Collect$$libinit$$00000011) for __rt_lib_init_lc_ctype_1
    libinit.o(.ARM.Collect$$libinit$$00000000) refers (Special) to libinit2.o(.ARM.Collect$$libinit$$00000013) for __rt_lib_init_lc_monetary_1
    libinit.o(.ARM.Collect$$libinit$$00000000) refers (Special) to libinit2.o(.ARM.Collect$$libinit$$00000015) for __rt_lib_init_lc_numeric_1
    libinit.o(.ARM.Collect$$libinit$$00000000) refers (Special) to libinit2.o(.ARM.Collect$$libinit$$00000017) for __rt_lib_init_lc_time_1
    libinit.o(.ARM.Collect$$libinit$$00000000) refers (Special) to libinit2.o(.ARM.Collect$$libinit$$0000000C) for __rt_lib_init_rand_1
    libinit.o(.ARM.Collect$$libinit$$00000000) refers (Special) to libinit2.o(.ARM.Collect$$libinit$$00000031) for __rt_lib_init_return
    libinit.o(.ARM.Collect$$libinit$$00000000) refers (Special) to libinit2.o(.ARM.Collect$$libinit$$0000001B) for __rt_lib_init_signal_1
    libinit.o(.ARM.Collect$$libinit$$00000000) refers (Special) to libinit2.o(.ARM.Collect$$libinit$$00000023) for __rt_lib_init_stdio_1
    libinit.o(.ARM.Collect$$libinit$$00000000) refers (Special) to libinit2.o(.ARM.Collect$$libinit$$0000000A) for __rt_lib_init_user_alloc_1
    rtexit.o(.ARM.Collect$$rtexit$$00000000) refers (Special) to rtexit2.o(.ARM.Collect$$rtexit$$00000004) for __rt_exit_exit
    rtexit.o(.ARM.Collect$$rtexit$$00000000) refers (Special) to rtexit2.o(.ARM.Collect$$rtexit$$00000003) for __rt_exit_ls
    rtexit.o(.ARM.Collect$$rtexit$$00000000) refers (Special) to rtexit2.o(.ARM.Collect$$rtexit$$00000002) for __rt_exit_prels_1
    rtexit.o(.ARM.exidx) refers (Special) to rtexit2.o(.ARM.Collect$$rtexit$$00000004) for __rt_exit_exit
    rtexit.o(.ARM.exidx) refers (Special) to rtexit2.o(.ARM.Collect$$rtexit$$00000003) for __rt_exit_ls
    rtexit.o(.ARM.exidx) refers (Special) to rtexit2.o(.ARM.Collect$$rtexit$$00000002) for __rt_exit_prels_1
    rtexit.o(.ARM.exidx) refers to rtexit.o(.ARM.Collect$$rtexit$$00000000) for .ARM.Collect$$rtexit$$00000000
    libinit2.o(.ARM.Collect$$libinit$$0000000E) refers to libinit2.o(.ARM.Collect$$libinit$$0000000D) for .ARM.Collect$$libinit$$0000000D
    libinit2.o(.ARM.Collect$$libinit$$00000010) refers to libinit2.o(.ARM.Collect$$libinit$$0000000D) for .ARM.Collect$$libinit$$0000000D
    libinit2.o(.ARM.Collect$$libinit$$00000012) refers to libinit2.o(.ARM.Collect$$libinit$$0000000D) for .ARM.Collect$$libinit$$0000000D
    libinit2.o(.ARM.Collect$$libinit$$00000014) refers to libinit2.o(.ARM.Collect$$libinit$$0000000D) for .ARM.Collect$$libinit$$0000000D
    libinit2.o(.ARM.Collect$$libinit$$00000016) refers to libinit2.o(.ARM.Collect$$libinit$$0000000D) for .ARM.Collect$$libinit$$0000000D
    libinit2.o(.ARM.Collect$$libinit$$00000024) refers to argv_veneer.o(.emb_text) for __ARM_argv_veneer
    libinit2.o(.ARM.Collect$$libinit$$00000025) refers to argv_veneer.o(.emb_text) for __ARM_argv_veneer
    rtexit2.o(.ARM.Collect$$rtexit$$00000003) refers to libshutdown.o(.ARM.Collect$$libshutdown$$00000000) for __rt_lib_shutdown
    rtexit2.o(.ARM.Collect$$rtexit$$00000004) refers to sys_exit.o(.text) for _sys_exit
    rtexit2.o(.ARM.exidx) refers to rtexit2.o(.ARM.Collect$$rtexit$$00000001) for .ARM.Collect$$rtexit$$00000001
    rtexit2.o(.ARM.exidx) refers to rtexit2.o(.ARM.Collect$$rtexit$$00000003) for .ARM.Collect$$rtexit$$00000003
    rtexit2.o(.ARM.exidx) refers to rtexit2.o(.ARM.Collect$$rtexit$$00000004) for .ARM.Collect$$rtexit$$00000004
    argv_veneer.o(.emb_text) refers to no_argv.o(.text) for __ARM_get_argv
    sys_exit.o(.text) refers (Special) to use_no_semi.o(.text) for __I$use$semihosting
    sys_exit.o(.text) refers (Special) to indicate_semi.o(.text) for __semihosting_library_function
    _get_argv_nomalloc.o(.text) refers (Special) to hrguard.o(.text) for __heap_region$guard
    _get_argv_nomalloc.o(.text) refers to defsig_rtmem_outer.o(.text) for __rt_SIGRTMEM
    _get_argv_nomalloc.o(.text) refers to sys_command.o(.text) for _sys_command_string
    libshutdown.o(.ARM.Collect$$libshutdown$$00000000) refers (Special) to libshutdown2.o(.ARM.Collect$$libshutdown$$00000006) for __rt_lib_shutdown_fp_trap_1
    libshutdown.o(.ARM.Collect$$libshutdown$$00000000) refers (Special) to libshutdown2.o(.ARM.Collect$$libshutdown$$0000000E) for __rt_lib_shutdown_heap_1
    libshutdown.o(.ARM.Collect$$libshutdown$$00000000) refers (Special) to libshutdown2.o(.ARM.Collect$$libshutdown$$0000000F) for __rt_lib_shutdown_return
    libshutdown.o(.ARM.Collect$$libshutdown$$00000000) refers (Special) to libshutdown2.o(.ARM.Collect$$libshutdown$$00000009) for __rt_lib_shutdown_signal_1
    libshutdown.o(.ARM.Collect$$libshutdown$$00000000) refers (Special) to libshutdown2.o(.ARM.Collect$$libshutdown$$00000003) for __rt_lib_shutdown_stdio_1
    libshutdown.o(.ARM.Collect$$libshutdown$$00000000) refers (Special) to libshutdown2.o(.ARM.Collect$$libshutdown$$0000000B) for __rt_lib_shutdown_user_alloc_1
    sys_command.o(.text) refers (Special) to use_no_semi.o(.text) for __I$use$semihosting
    sys_command.o(.text) refers (Special) to indicate_semi.o(.text) for __semihosting_library_function
    defsig_rtmem_outer.o(.text) refers to defsig_rtmem_inner.o(.text) for __rt_SIGRTMEM_inner
    defsig_rtmem_outer.o(.text) refers to defsig_exit.o(.text) for __sig_exit
    defsig_rtmem_formal.o(.text) refers to rt_raise.o(.text) for __rt_raise
    rt_raise.o(.text) refers to __raise.o(.text) for __raise
    rt_raise.o(.text) refers to sys_exit.o(.text) for _sys_exit
    defsig_exit.o(.text) refers to sys_exit.o(.text) for _sys_exit
    defsig_rtmem_inner.o(.text) refers to defsig_general.o(.text) for __default_signal_display
    __raise.o(.text) refers to defsig.o(CL$$defsig) for __default_signal_handler
    defsig_general.o(.text) refers to sys_wrch.o(.text) for _ttywrch
    sys_wrch.o(.text) refers (Special) to use_no_semi.o(.text) for __I$use$semihosting
    sys_wrch.o(.text) refers (Special) to indicate_semi.o(.text) for __semihosting_library_function
    defsig.o(CL$$defsig) refers to defsig_rtmem_inner.o(.text) for __rt_SIGRTMEM_inner
    defsig_abrt_inner.o(.text) refers to defsig_general.o(.text) for __default_signal_display
    defsig_fpe_inner.o(.text) refers to defsig_general.o(.text) for __default_signal_display
    defsig_rtred_inner.o(.text) refers to defsig_general.o(.text) for __default_signal_display
    defsig_stak_inner.o(.text) refers to defsig_general.o(.text) for __default_signal_display
    defsig_pvfn_inner.o(.text) refers to defsig_general.o(.text) for __default_signal_display
    defsig_cppl_inner.o(.text) refers to defsig_general.o(.text) for __default_signal_display
    defsig_segv_inner.o(.text) refers to defsig_general.o(.text) for __default_signal_display
    defsig_other.o(.text) refers to defsig_general.o(.text) for __default_signal_display


==============================================================================

Removing Unused input sections from the image.

    Removing textmessagemain.o(.rev16_text), (4 bytes).
    Removing textmessagemain.o(.revsh_text), (4 bytes).
    Removing system_stm32f2xx.o(.rev16_text), (4 bytes).
    Removing system_stm32f2xx.o(.revsh_text), (4 bytes).
    Removing linkedlist.o(.rev16_text), (4 bytes).
    Removing linkedlist.o(.revsh_text), (4 bytes).
    Removing serial.o(.rev16_text), (4 bytes).
    Removing serial.o(.revsh_text), (4 bytes).
    Removing led.o(.rev16_text), (4 bytes).
    Removing led.o(.revsh_text), (4 bytes).
    Removing kbd.o(.rev16_text), (4 bytes).
    Removing kbd.o(.revsh_text), (4 bytes).
    Removing kbd.o(.text), (160 bytes).
    Removing i2c_stm32f2xx.o(.rev16_text), (4 bytes).
    Removing i2c_stm32f2xx.o(.revsh_text), (4 bytes).
    Removing joy.o(.rev16_text), (4 bytes).
    Removing joy.o(.revsh_text), (4 bytes).
    Removing glcd_16bitif_stm32f2xx.o(.rev16_text), (4 bytes).
    Removing glcd_16bitif_stm32f2xx.o(.revsh_text), (4 bytes).
    Removing glcd_16bitif_stm32f2xx.o(.text), (2908 bytes).
    Removing glcd_16bitif_stm32f2xx.o(.constdata), (6560 bytes).
    Removing glcd_16bitif_stm32f2xx.o(.data), (5 bytes).
    Removing sram.o(.rev16_text), (4 bytes).
    Removing sram.o(.revsh_text), (4 bytes).
    Removing tsc_stmpe811.o(.text), (328 bytes).
    Removing rt_task.o(i.rt_tsk_pass), (48 bytes).
    Removing rt_task.o(i.rt_tsk_prio), (128 bytes).
    Removing rt_event.o(i.isr_evt_set), (40 bytes).
    Removing rt_mailbox.o(i.isr_mbx_receive), (84 bytes).
    Removing rt_mailbox.o(i.isr_mbx_send), (14 bytes).
    Removing rt_mailbox.o(i.rt_mbx_send), (160 bytes).
    Removing rt_mailbox.o(i.rt_mbx_wait), (184 bytes).
    Removing rt_semaphore.o(i.isr_sem_send), (16 bytes).
    Removing rt_semaphore.o(i.rt_sem_send), (56 bytes).
    Removing rt_semaphore.o(i.rt_sem_wait), (60 bytes).
    Removing rt_time.o(i.rt_itv_set), (24 bytes).
    Removing rt_time.o(i.rt_itv_wait), (44 bytes).
    Removing rt_time.o(i.rt_time_get), (12 bytes).
    Removing rt_system.o(.emb_text), (0 bytes).
    Removing rt_system.o(i.rt_psh_req), (32 bytes).
    Removing rt_system.o(i.rt_resume), (176 bytes).
    Removing rt_system.o(i.rt_suspend), (44 bytes).
    Removing rt_system.o(i.rt_tsk_lock), (80 bytes).
    Removing rt_system.o(i.rt_tsk_unlock), (80 bytes).
    Removing rt_list.o(i.rt_get_same_rdy_prio), (36 bytes).
    Removing rt_list.o(i.rt_psq_enq), (88 bytes).
    Removing rt_membox.o(i._calloc_box), (30 bytes).
    Removing rt_timer.o(i.rt_tmr_create), (80 bytes).
    Removing rt_timer.o(i.rt_tmr_kill), (52 bytes).
    Removing rt_robin.o(i.rt_chk_robin), (72 bytes).
    Removing rt_robin.o(i.rt_init_robin), (24 bytes).
    Removing rt_robin.o(.data), (8 bytes).

52 unused section(s) (total 11713 bytes) removed from the image.

==============================================================================

Image Symbol Table

    Local Symbols

    Symbol Name                              Value     Ov Type        Size  Object(Section)

    ../clib/angel/boardlib.s                 0x00000000   Number         0  boardinit1.o ABSOLUTE
    ../clib/angel/boardlib.s                 0x00000000   Number         0  boardshut.o ABSOLUTE
    ../clib/angel/boardlib.s                 0x00000000   Number         0  boardinit2.o ABSOLUTE
    ../clib/angel/boardlib.s                 0x00000000   Number         0  boardinit3.o ABSOLUTE
    ../clib/angel/handlers.s                 0x00000000   Number         0  __scatter_copy.o ABSOLUTE
    ../clib/angel/handlers.s                 0x00000000   Number         0  __scatter_zi.o ABSOLUTE
    ../clib/angel/kernel.s                   0x00000000   Number         0  rtentry2.o ABSOLUTE
    ../clib/angel/kernel.s                   0x00000000   Number         0  rtexit.o ABSOLUTE
    ../clib/angel/kernel.s                   0x00000000   Number         0  rtexit2.o ABSOLUTE
    ../clib/angel/kernel.s                   0x00000000   Number         0  rtentry.o ABSOLUTE
    ../clib/angel/kernel.s                   0x00000000   Number         0  rtentry4.o ABSOLUTE
    ../clib/angel/rt.s                       0x00000000   Number         0  rt_raise.o ABSOLUTE
    ../clib/angel/scatter.s                  0x00000000   Number         0  __scatter.o ABSOLUTE
    ../clib/angel/startup.s                  0x00000000   Number         0  __main.o ABSOLUTE
    ../clib/angel/sys.s                      0x00000000   Number         0  indicate_semi.o ABSOLUTE
    ../clib/angel/sys.s                      0x00000000   Number         0  use_no_semi.o ABSOLUTE
    ../clib/angel/sys.s                      0x00000000   Number         0  libspace.o ABSOLUTE
    ../clib/angel/sys.s                      0x00000000   Number         0  sys_stackheap_outer.o ABSOLUTE
    ../clib/angel/sysapp.c                   0x00000000   Number         0  sys_command.o ABSOLUTE
    ../clib/angel/sysapp.c                   0x00000000   Number         0  sys_exit.o ABSOLUTE
    ../clib/angel/sysapp.c                   0x00000000   Number         0  sys_wrch.o ABSOLUTE
    ../clib/armsys.c                         0x00000000   Number         0  argv_veneer.o ABSOLUTE
    ../clib/armsys.c                         0x00000000   Number         0  no_argv.o ABSOLUTE
    ../clib/armsys.c                         0x00000000   Number         0  _get_argv_nomalloc.o ABSOLUTE
    ../clib/armsys.c                         0x00000000   Number         0  argv_veneer.o ABSOLUTE
    ../clib/heapalloc.c                      0x00000000   Number         0  hrguard.o ABSOLUTE
    ../clib/heapaux.c                        0x00000000   Number         0  heapauxi.o ABSOLUTE
    ../clib/libinit.s                        0x00000000   Number         0  libshutdown.o ABSOLUTE
    ../clib/libinit.s                        0x00000000   Number         0  libinit.o ABSOLUTE
    ../clib/libinit.s                        0x00000000   Number         0  libshutdown2.o ABSOLUTE
    ../clib/libinit.s                        0x00000000   Number         0  libinit2.o ABSOLUTE
    ../clib/signal.c                         0x00000000   Number         0  defsig_stak_inner.o ABSOLUTE
    ../clib/signal.c                         0x00000000   Number         0  defsig_rtred_inner.o ABSOLUTE
    ../clib/signal.c                         0x00000000   Number         0  defsig_fpe_inner.o ABSOLUTE
    ../clib/signal.c                         0x00000000   Number         0  defsig_abrt_inner.o ABSOLUTE
    ../clib/signal.c                         0x00000000   Number         0  defsig_general.o ABSOLUTE
    ../clib/signal.c                         0x00000000   Number         0  __raise.o ABSOLUTE
    ../clib/signal.c                         0x00000000   Number         0  defsig_exit.o ABSOLUTE
    ../clib/signal.c                         0x00000000   Number         0  defsig_rtmem_formal.o ABSOLUTE
    ../clib/signal.c                         0x00000000   Number         0  defsig_rtmem_outer.o ABSOLUTE
    ../clib/signal.c                         0x00000000   Number         0  defsig_rtmem_inner.o ABSOLUTE
    ../clib/signal.c                         0x00000000   Number         0  defsig_other.o ABSOLUTE
    ../clib/signal.c                         0x00000000   Number         0  defsig_segv_inner.o ABSOLUTE
    ../clib/signal.c                         0x00000000   Number         0  defsig_cppl_inner.o ABSOLUTE
    ../clib/signal.c                         0x00000000   Number         0  defsig_pvfn_inner.o ABSOLUTE
    ../clib/signal.s                         0x00000000   Number         0  defsig.o ABSOLUTE
    ../clib/stdlib.c                         0x00000000   Number         0  exit.o ABSOLUTE
    ../fplib/fpinit.s                        0x00000000   Number         0  fpinit.o ABSOLUTE
    SRC\CM\HAL_CM3.c                         0x00000000   Number         0  hal_cm3.o ABSOLUTE
    SRC\CM\SVC_Table.s                       0x00000000   Number         0  SVC_Table.o ABSOLUTE
    SRC\CM\rt_Event.c                        0x00000000   Number         0  rt_event.o ABSOLUTE
    SRC\CM\rt_List.c                         0x00000000   Number         0  rt_list.o ABSOLUTE
    SRC\CM\rt_Mailbox.c                      0x00000000   Number         0  rt_mailbox.o ABSOLUTE
    SRC\CM\rt_MemBox.c                       0x00000000   Number         0  rt_membox.o ABSOLUTE
    SRC\CM\rt_Mutex.c                        0x00000000   Number         0  rt_mutex.o ABSOLUTE
    SRC\CM\rt_Robin.c                        0x00000000   Number         0  rt_robin.o ABSOLUTE
    SRC\CM\rt_Semaphore.c                    0x00000000   Number         0  rt_semaphore.o ABSOLUTE
    SRC\CM\rt_System.c                       0x00000000   Number         0  rt_system.o ABSOLUTE
    SRC\CM\rt_Task.c                         0x00000000   Number         0  rt_task.o ABSOLUTE
    SRC\CM\rt_Time.c                         0x00000000   Number         0  rt_time.o ABSOLUTE
    SRC\CM\rt_Timer.c                        0x00000000   Number         0  rt_timer.o ABSOLUTE
    SRC\\CM\\HAL_CM3.c                       0x00000000   Number         0  hal_cm3.o ABSOLUTE
    SRC\\CM\\rt_System.c                     0x00000000   Number         0  rt_system.o ABSOLUTE
    TextMessageMain.c                        0x00000000   Number         0  textmessagemain.o ABSOLUTE
    TextMessageMain.c                        0x00000000   Number         0  textmessagemain.o ABSOLUTE
    boardlibs\GLCD_16bitIF_STM32F2xx.c       0x00000000   Number         0  glcd_16bitif_stm32f2xx.o ABSOLUTE
    boardlibs\I2C_STM32F2xx.c                0x00000000   Number         0  i2c_stm32f2xx.o ABSOLUTE
    boardlibs\JOY.c                          0x00000000   Number         0  joy.o ABSOLUTE
    boardlibs\KBD.c                          0x00000000   Number         0  kbd.o ABSOLUTE
    boardlibs\LED.c                          0x00000000   Number         0  led.o ABSOLUTE
    boardlibs\RTX_Conf_CM.c                  0x00000000   Number         0  rtx_conf_cm.o ABSOLUTE
    boardlibs\Serial.c                       0x00000000   Number         0  serial.o ABSOLUTE
    boardlibs\TSC_STMPE811.c                 0x00000000   Number         0  tsc_stmpe811.o ABSOLUTE
    boardlibs\\GLCD_16bitIF_STM32F2xx.c      0x00000000   Number         0  glcd_16bitif_stm32f2xx.o ABSOLUTE
    boardlibs\\I2C_STM32F2xx.c               0x00000000   Number         0  i2c_stm32f2xx.o ABSOLUTE
    boardlibs\\JOY.c                         0x00000000   Number         0  joy.o ABSOLUTE
    boardlibs\\KBD.c                         0x00000000   Number         0  kbd.o ABSOLUTE
    boardlibs\\LED.c                         0x00000000   Number         0  led.o ABSOLUTE
    boardlibs\\Serial.c                      0x00000000   Number         0  serial.o ABSOLUTE
    boardlibs\\sram.c                        0x00000000   Number         0  sram.o ABSOLUTE
    boardlibs\\system_stm32f2xx.c            0x00000000   Number         0  system_stm32f2xx.o ABSOLUTE
    boardlibs\sram.c                         0x00000000   Number         0  sram.o ABSOLUTE
    boardlibs\system_stm32f2xx.c             0x00000000   Number         0  system_stm32f2xx.o ABSOLUTE
    dc.s                                     0x00000000   Number         0  dc.o ABSOLUTE
    startup_stm32f2xx.s                      0x00000000   Number         0  startup_stm32f2xx.o ABSOLUTE
    userlibs\LinkedList.c                    0x00000000   Number         0  linkedlist.o ABSOLUTE
    userlibs\\LinkedList.c                   0x00000000   Number         0  linkedlist.o ABSOLUTE
    RESET                                    0x08000000   Section      388  startup_stm32f2xx.o(RESET)
    !!!main                                  0x08000184   Section        8  __main.o(!!!main)
    !!!scatter                               0x0800018c   Section       52  __scatter.o(!!!scatter)
    !!handler_copy                           0x080001c0   Section       26  __scatter_copy.o(!!handler_copy)
    !!handler_zi                             0x080001dc   Section       28  __scatter_zi.o(!!handler_zi)
    .ARM.Collect$$libinit$$00000000          0x080001f8   Section        2  libinit.o(.ARM.Collect$$libinit$$00000000)
    .ARM.Collect$$libinit$$00000002          0x080001fa   Section        0  libinit2.o(.ARM.Collect$$libinit$$00000002)
    .ARM.Collect$$libinit$$00000008          0x080001fa   Section        0  libinit2.o(.ARM.Collect$$libinit$$00000008)
    .ARM.Collect$$libinit$$0000000A          0x080001fa   Section        0  libinit2.o(.ARM.Collect$$libinit$$0000000A)
    .ARM.Collect$$libinit$$0000000C          0x080001fa   Section        0  libinit2.o(.ARM.Collect$$libinit$$0000000C)
    .ARM.Collect$$libinit$$0000000F          0x080001fa   Section        0  libinit2.o(.ARM.Collect$$libinit$$0000000F)
    .ARM.Collect$$libinit$$00000011          0x080001fa   Section        0  libinit2.o(.ARM.Collect$$libinit$$00000011)
    .ARM.Collect$$libinit$$00000013          0x080001fa   Section        0  libinit2.o(.ARM.Collect$$libinit$$00000013)
    .ARM.Collect$$libinit$$00000015          0x080001fa   Section        0  libinit2.o(.ARM.Collect$$libinit$$00000015)
    .ARM.Collect$$libinit$$00000017          0x080001fa   Section        0  libinit2.o(.ARM.Collect$$libinit$$00000017)
    .ARM.Collect$$libinit$$00000019          0x080001fa   Section        0  libinit2.o(.ARM.Collect$$libinit$$00000019)
    .ARM.Collect$$libinit$$0000001B          0x080001fa   Section        0  libinit2.o(.ARM.Collect$$libinit$$0000001B)
    .ARM.Collect$$libinit$$0000001D          0x080001fa   Section        0  libinit2.o(.ARM.Collect$$libinit$$0000001D)
    .ARM.Collect$$libinit$$0000001F          0x080001fa   Section        0  libinit2.o(.ARM.Collect$$libinit$$0000001F)
    .ARM.Collect$$libinit$$00000021          0x080001fa   Section        0  libinit2.o(.ARM.Collect$$libinit$$00000021)
    .ARM.Collect$$libinit$$00000023          0x080001fa   Section        0  libinit2.o(.ARM.Collect$$libinit$$00000023)
    .ARM.Collect$$libinit$$0000002A          0x080001fa   Section        0  libinit2.o(.ARM.Collect$$libinit$$0000002A)
    .ARM.Collect$$libinit$$0000002C          0x080001fa   Section        0  libinit2.o(.ARM.Collect$$libinit$$0000002C)
    .ARM.Collect$$libinit$$0000002E          0x080001fa   Section        0  libinit2.o(.ARM.Collect$$libinit$$0000002E)
    .ARM.Collect$$libinit$$00000030          0x080001fa   Section        0  libinit2.o(.ARM.Collect$$libinit$$00000030)
    .ARM.Collect$$libinit$$00000031          0x080001fa   Section        2  libinit2.o(.ARM.Collect$$libinit$$00000031)
    .ARM.Collect$$libshutdown$$00000000      0x080001fc   Section        2  libshutdown.o(.ARM.Collect$$libshutdown$$00000000)
    .ARM.Collect$$libshutdown$$00000003      0x080001fe   Section        0  libshutdown2.o(.ARM.Collect$$libshutdown$$00000003)
    .ARM.Collect$$libshutdown$$00000006      0x080001fe   Section        0  libshutdown2.o(.ARM.Collect$$libshutdown$$00000006)
    .ARM.Collect$$libshutdown$$00000009      0x080001fe   Section        0  libshutdown2.o(.ARM.Collect$$libshutdown$$00000009)
    .ARM.Collect$$libshutdown$$0000000B      0x080001fe   Section        0  libshutdown2.o(.ARM.Collect$$libshutdown$$0000000B)
    .ARM.Collect$$libshutdown$$0000000E      0x080001fe   Section        0  libshutdown2.o(.ARM.Collect$$libshutdown$$0000000E)
    .ARM.Collect$$libshutdown$$0000000F      0x080001fe   Section        2  libshutdown2.o(.ARM.Collect$$libshutdown$$0000000F)
    .ARM.Collect$$rtentry$$00000000          0x08000200   Section        0  rtentry.o(.ARM.Collect$$rtentry$$00000000)
    .ARM.Collect$$rtentry$$00000002          0x08000200   Section        0  rtentry2.o(.ARM.Collect$$rtentry$$00000002)
    .ARM.Collect$$rtentry$$00000004          0x08000200   Section        6  rtentry4.o(.ARM.Collect$$rtentry$$00000004)
    .ARM.Collect$$rtentry$$00000009          0x08000206   Section        0  rtentry2.o(.ARM.Collect$$rtentry$$00000009)
    .ARM.Collect$$rtentry$$0000000A          0x08000206   Section        4  rtentry2.o(.ARM.Collect$$rtentry$$0000000A)
    .ARM.Collect$$rtentry$$0000000C          0x0800020a   Section        0  rtentry2.o(.ARM.Collect$$rtentry$$0000000C)
    .ARM.Collect$$rtentry$$0000000D          0x0800020a   Section        8  rtentry2.o(.ARM.Collect$$rtentry$$0000000D)
    .ARM.Collect$$rtexit$$00000000           0x08000212   Section        2  rtexit.o(.ARM.Collect$$rtexit$$00000000)
    .ARM.Collect$$rtexit$$00000002           0x08000214   Section        0  rtexit2.o(.ARM.Collect$$rtexit$$00000002)
    .ARM.Collect$$rtexit$$00000003           0x08000214   Section        4  rtexit2.o(.ARM.Collect$$rtexit$$00000003)
    .ARM.Collect$$rtexit$$00000004           0x08000218   Section        6  rtexit2.o(.ARM.Collect$$rtexit$$00000004)
    .emb_text                                0x08000220   Section      340  hal_cm3.o(.emb_text)
    .text                                    0x08000374   Section        0  textmessagemain.o(.text)
    .text                                    0x0800074c   Section        0  rtx_conf_cm.o(.text)
    __tagsym$$used                           0x0800079b   Number         0  rtx_conf_cm.o(.text)
    __tagsym$$used                           0x080007b5   Number         0  rtx_conf_cm.o(.text)
    .text                                    0x080007e4   Section        0  system_stm32f2xx.o(.text)
    SetSysClock                              0x080007e5   Thumb Code   170  system_stm32f2xx.o(.text)
    .text                                    0x080009b0   Section       64  startup_stm32f2xx.o(.text)
    .text                                    0x080009f0   Section        0  serial.o(.text)
    .text                                    0x08000acc   Section        0  led.o(.text)
    .text                                    0x08000d30   Section        0  i2c_stm32f2xx.o(.text)
    Wait                                     0x08000d31   Thumb Code    16  i2c_stm32f2xx.o(.text)
    WaitFlagSet                              0x08000e11   Thumb Code    30  i2c_stm32f2xx.o(.text)
    WaitFlagClr                              0x08000e2f   Thumb Code    30  i2c_stm32f2xx.o(.text)
    I2C_sr                                   0x08001301   Thumb Code    14  i2c_stm32f2xx.o(.text)
    .text                                    0x08001314   Section        0  joy.o(.text)
    IOE_Write                                0x08001315   Thumb Code    18  joy.o(.text)
    IOE_Read                                 0x08001383   Thumb Code    20  joy.o(.text)
    .text                                    0x080013fc   Section        0  sram.o(.text)
    .text                                    0x08001610   Section        8  libspace.o(.text)
    .text                                    0x08001618   Section        0  heapauxi.o(.text)
    .text                                    0x0800161e   Section       74  sys_stackheap_outer.o(.text)
    .text                                    0x08001668   Section        0  exit.o(.text)
    .text                                    0x08001674   Section        0  sys_exit.o(.text)
    .text                                    0x08001680   Section        2  use_no_semi.o(.text)
    .text                                    0x08001682   Section        0  indicate_semi.o(.text)
    SVC_TABLE                                0x08001684   Section        4  SVC_Table.o(SVC_TABLE)
    i._init_box                              0x08001688   Section        0  rt_membox.o(i._init_box)
    i.dbg_init                               0x080016d0   Section        0  hal_cm3.o(i.dbg_init)
    i.dbg_task_notify                        0x08001700   Section        0  hal_cm3.o(i.dbg_task_notify)
    i.dbg_task_switch                        0x08001720   Section        0  hal_cm3.o(i.dbg_task_switch)
    i.os_tick_init                           0x08001730   Section        0  rt_system.o(i.os_tick_init)
    i.os_tick_irqack                         0x08001758   Section        0  rt_system.o(i.os_tick_irqack)
    i.rt_alloc_box                           0x0800175a   Section        0  rt_membox.o(i.rt_alloc_box)
    i.rt_block                               0x08001774   Section        0  rt_task.o(i.rt_block)
    i.rt_dec_dly                             0x080017ac   Section        0  rt_list.o(i.rt_dec_dly)
    i.rt_dispatch                            0x08001820   Section        0  rt_task.o(i.rt_dispatch)
    i.rt_dly_wait                            0x08001864   Section        0  rt_time.o(i.rt_dly_wait)
    i.rt_evt_clr                             0x0800186c   Section        0  rt_event.o(i.rt_evt_clr)
    i.rt_evt_get                             0x08001888   Section        0  rt_event.o(i.rt_evt_get)
    i.rt_evt_psh                             0x08001894   Section        0  rt_event.o(i.rt_evt_psh)
    i.rt_evt_set                             0x080018e0   Section        0  rt_event.o(i.rt_evt_set)
    i.rt_evt_wait                            0x08001940   Section        0  rt_event.o(i.rt_evt_wait)
    i.rt_free_box                            0x08001980   Section        0  rt_membox.o(i.rt_free_box)
    i.rt_get_first                           0x080019a0   Section        0  rt_list.o(i.rt_get_first)
    i.rt_init_context                        0x080019c8   Section        0  rt_task.o(i.rt_init_context)
    rt_init_context                          0x080019c9   Thumb Code    64  rt_task.o(i.rt_init_context)
    i.rt_init_stack                          0x08001a0c   Section        0  hal_cm3.o(i.rt_init_stack)
    i.rt_mbx_check                           0x08001a5c   Section        0  rt_mailbox.o(i.rt_mbx_check)
    i.rt_mbx_init                            0x08001a64   Section        0  rt_mailbox.o(i.rt_mbx_init)
    i.rt_mbx_psh                             0x08001a80   Section        0  rt_mailbox.o(i.rt_mbx_psh)
    i.rt_mut_init                            0x08001b40   Section        0  rt_mutex.o(i.rt_mut_init)
    i.rt_mut_release                         0x08001b50   Section        0  rt_mutex.o(i.rt_mut_release)
    i.rt_mut_wait                            0x08001bfc   Section        0  rt_mutex.o(i.rt_mut_wait)
    i.rt_pop_req                             0x08001c60   Section        0  rt_system.o(i.rt_pop_req)
    i.rt_put_dly                             0x08001cd8   Section        0  rt_list.o(i.rt_put_dly)
    i.rt_put_prio                            0x08001d20   Section        0  rt_list.o(i.rt_put_prio)
    i.rt_put_rdy_first                       0x08001d58   Section        0  rt_list.o(i.rt_put_rdy_first)
    i.rt_resort_prio                         0x08001d6c   Section        0  rt_list.o(i.rt_resort_prio)
    i.rt_rmv_dly                             0x08001da0   Section        0  rt_list.o(i.rt_rmv_dly)
    i.rt_rmv_list                            0x08001dc8   Section        0  rt_list.o(i.rt_rmv_list)
    i.rt_sem_init                            0x08001df8   Section        0  rt_semaphore.o(i.rt_sem_init)
    i.rt_sem_psh                             0x08001e04   Section        0  rt_semaphore.o(i.rt_sem_psh)
    i.rt_stk_check                           0x08001e38   Section        0  rt_system.o(i.rt_stk_check)
    i.rt_switch_req                          0x08001e5c   Section        0  rt_task.o(i.rt_switch_req)
    i.rt_sys_init                            0x08001e84   Section        0  rt_task.o(i.rt_sys_init)
    i.rt_systick                             0x08001fdc   Section        0  rt_system.o(i.rt_systick)
    i.rt_tmr_tick                            0x08002018   Section        0  rt_timer.o(i.rt_tmr_tick)
    i.rt_tsk_create                          0x08002058   Section        0  rt_task.o(i.rt_tsk_create)
    i.rt_tsk_delete                          0x080020ec   Section        0  rt_task.o(i.rt_tsk_delete)
    i.rt_tsk_self                            0x080021a8   Section        0  rt_task.o(i.rt_tsk_self)
    .constdata                               0x080021b8   Section       40  rtx_conf_cm.o(.constdata)
    __tagsym$$used                           0x080021cc   Number         0  rtx_conf_cm.o(.constdata)
    __tagsym$$used                           0x080021d0   Number         0  rtx_conf_cm.o(.constdata)
    .constdata                               0x080021e0   Section       32  led.o(.constdata)
    .data                                    0x20000000   Section       88  textmessagemain.o(.data)
    counter                                  0x20000018   Data           4  textmessagemain.o(.data)
    secondFreq                               0x2000001c   Data           4  textmessagemain.o(.data)
    buttonInputFreq                          0x20000020   Data           4  textmessagemain.o(.data)
    newJoy                                   0x20000024   Data           4  textmessagemain.o(.data)
    oldJoy                                   0x20000028   Data           4  textmessagemain.o(.data)
    data                                     0x2000002c   Data           1  textmessagemain.o(.data)
    .data                                    0x20000058   Section        8  rtx_conf_cm.o(.data)
    nr_mutex                                 0x2000005c   Data           4  rtx_conf_cm.o(.data)
    .data                                    0x20000060   Section       20  system_stm32f2xx.o(.data)
    .data                                    0x20000074   Section        8  rt_task.o(.data)
    .data                                    0x2000007c   Section        4  rt_time.o(.data)
    .data                                    0x20000080   Section        1  hal_cm3.o(.data)
    .data                                    0x20000084   Section        8  rt_system.o(.data)
    os_lock                                  0x20000084   Data           1  rt_system.o(.data)
    os_psh_flag                              0x20000085   Data           1  rt_system.o(.data)
    pend_flags                               0x20000086   Data           1  rt_system.o(.data)
    .data                                    0x2000008c   Section        8  rt_timer.o(.data)
    .bss                                     0x20000094   Section       92  textmessagemain.o(.bss)
    .bss                                     0x200000f0   Section     4556  rtx_conf_cm.o(.bss)
    std_libspace                             0x20000e9c   Data         960  rtx_conf_cm.o(.bss)
    std_libmutex                             0x2000125c   Data          96  rtx_conf_cm.o(.bss)
    .bss                                     0x200012bc   Section       48  rt_task.o(.bss)
    .bss                                     0x200012ec   Section       48  rt_list.o(.bss)
    .bss                                     0x2000131c   Section       96  libspace.o(.bss)
    HEAP                                     0x20001380   Section      512  startup_stm32f2xx.o(HEAP)
    Heap_Mem                                 0x20001380   Data         512  startup_stm32f2xx.o(HEAP)
    STACK                                    0x20001580   Section     1024  startup_stm32f2xx.o(STACK)
    Stack_Mem                                0x20001580   Data        1024  startup_stm32f2xx.o(STACK)
    __initial_sp                             0x20001980   Data           0  startup_stm32f2xx.o(STACK)

    Global Symbols

    Symbol Name                              Value     Ov Type        Size  Object(Section)

    BuildAttributes$$THM_ISAv4$P$D$K$B$S$PE$A:L22UL41UL21$X:L11$S22US41US21$IEEE1$IW$USESV6$~STKCKD$USESV7$~SHL$OSPACE$ROPI$EBA8$UX$STANDARDLIB$REQ8$PRES8$EABIv2 0x00000000   Number         0  anon$$obj.o ABSOLUTE
    __ARM_use_no_argv                        0x00000000   Number         0  textmessagemain.o ABSOLUTE
    __ARM_exceptions_init                     - Undefined Weak Reference
    __alloca_initialize                       - Undefined Weak Reference
    __cpp_initialize__aeabi_                  - Undefined Weak Reference
    __cxa_finalize                            - Undefined Weak Reference
    __rt_locale                               - Undefined Weak Reference
    __sigvec_lookup                           - Undefined Weak Reference
    _atexit_init                              - Undefined Weak Reference
    _call_atexit_fns                          - Undefined Weak Reference
    _clock_init                               - Undefined Weak Reference
    _fp_trap_init                             - Undefined Weak Reference
    _fp_trap_shutdown                         - Undefined Weak Reference
    _get_lc_collate                           - Undefined Weak Reference
    _get_lc_ctype                             - Undefined Weak Reference
    _get_lc_monetary                          - Undefined Weak Reference
    _get_lc_numeric                           - Undefined Weak Reference
    _get_lc_time                              - Undefined Weak Reference
    _getenv_init                              - Undefined Weak Reference
    _handle_redirection                       - Undefined Weak Reference
    _init_alloc                               - Undefined Weak Reference
    _init_user_alloc                          - Undefined Weak Reference
    _initio                                   - Undefined Weak Reference
    _rand_init                                - Undefined Weak Reference
    _signal_finish                            - Undefined Weak Reference
    _signal_init                              - Undefined Weak Reference
    _terminate_alloc                          - Undefined Weak Reference
    _terminate_user_alloc                     - Undefined Weak Reference
    _terminateio                              - Undefined Weak Reference
    __Vectors_Size                           0x00000184   Number         0  startup_stm32f2xx.o ABSOLUTE
    __RL_RTX_VER                             0x00000460   Number         0  rt_system.o ABSOLUTE
    __Vectors                                0x08000000   Data           4  startup_stm32f2xx.o(RESET)
    __Vectors_End                            0x08000184   Data           0  startup_stm32f2xx.o(RESET)
    __main                                   0x08000185   Thumb Code     8  __main.o(!!!main)
    __scatterload                            0x0800018d   Thumb Code     0  __scatter.o(!!!scatter)
    __scatterload_rt2                        0x0800018d   Thumb Code    44  __scatter.o(!!!scatter)
    __scatterload_rt2_thumb_only             0x0800018d   Thumb Code     0  __scatter.o(!!!scatter)
    __scatterload_null                       0x0800019b   Thumb Code     0  __scatter.o(!!!scatter)
    __scatterload_copy                       0x080001c1   Thumb Code    26  __scatter_copy.o(!!handler_copy)
    __scatterload_zeroinit                   0x080001dd   Thumb Code    28  __scatter_zi.o(!!handler_zi)
    __rt_lib_init                            0x080001f9   Thumb Code     0  libinit.o(.ARM.Collect$$libinit$$00000000)
    __rt_lib_init_alloca_1                   0x080001fb   Thumb Code     0  libinit2.o(.ARM.Collect$$libinit$$0000002C)
    __rt_lib_init_argv_1                     0x080001fb   Thumb Code     0  libinit2.o(.ARM.Collect$$libinit$$0000002A)
    __rt_lib_init_atexit_1                   0x080001fb   Thumb Code     0  libinit2.o(.ARM.Collect$$libinit$$00000019)
    __rt_lib_init_clock_1                    0x080001fb   Thumb Code     0  libinit2.o(.ARM.Collect$$libinit$$0000001F)
    __rt_lib_init_cpp_1                      0x080001fb   Thumb Code     0  libinit2.o(.ARM.Collect$$libinit$$00000030)
    __rt_lib_init_exceptions_1               0x080001fb   Thumb Code     0  libinit2.o(.ARM.Collect$$libinit$$0000002E)
    __rt_lib_init_fp_1                       0x080001fb   Thumb Code     0  libinit2.o(.ARM.Collect$$libinit$$00000002)
    __rt_lib_init_fp_trap_1                  0x080001fb   Thumb Code     0  libinit2.o(.ARM.Collect$$libinit$$0000001D)
    __rt_lib_init_getenv_1                   0x080001fb   Thumb Code     0  libinit2.o(.ARM.Collect$$libinit$$00000021)
    __rt_lib_init_heap_1                     0x080001fb   Thumb Code     0  libinit2.o(.ARM.Collect$$libinit$$00000008)
    __rt_lib_init_lc_collate_1               0x080001fb   Thumb Code     0  libinit2.o(.ARM.Collect$$libinit$$0000000F)
    __rt_lib_init_lc_ctype_1                 0x080001fb   Thumb Code     0  libinit2.o(.ARM.Collect$$libinit$$00000011)
    __rt_lib_init_lc_monetary_1              0x080001fb   Thumb Code     0  libinit2.o(.ARM.Collect$$libinit$$00000013)
    __rt_lib_init_lc_numeric_1               0x080001fb   Thumb Code     0  libinit2.o(.ARM.Collect$$libinit$$00000015)
    __rt_lib_init_lc_time_1                  0x080001fb   Thumb Code     0  libinit2.o(.ARM.Collect$$libinit$$00000017)
    __rt_lib_init_rand_1                     0x080001fb   Thumb Code     0  libinit2.o(.ARM.Collect$$libinit$$0000000C)
    __rt_lib_init_return                     0x080001fb   Thumb Code     0  libinit2.o(.ARM.Collect$$libinit$$00000031)
    __rt_lib_init_signal_1                   0x080001fb   Thumb Code     0  libinit2.o(.ARM.Collect$$libinit$$0000001B)
    __rt_lib_init_stdio_1                    0x080001fb   Thumb Code     0  libinit2.o(.ARM.Collect$$libinit$$00000023)
    __rt_lib_init_user_alloc_1               0x080001fb   Thumb Code     0  libinit2.o(.ARM.Collect$$libinit$$0000000A)
    __rt_lib_shutdown                        0x080001fd   Thumb Code     0  libshutdown.o(.ARM.Collect$$libshutdown$$00000000)
    __rt_lib_shutdown_fp_trap_1              0x080001ff   Thumb Code     0  libshutdown2.o(.ARM.Collect$$libshutdown$$00000006)
    __rt_lib_shutdown_heap_1                 0x080001ff   Thumb Code     0  libshutdown2.o(.ARM.Collect$$libshutdown$$0000000E)
    __rt_lib_shutdown_return                 0x080001ff   Thumb Code     0  libshutdown2.o(.ARM.Collect$$libshutdown$$0000000F)
    __rt_lib_shutdown_signal_1               0x080001ff   Thumb Code     0  libshutdown2.o(.ARM.Collect$$libshutdown$$00000009)
    __rt_lib_shutdown_stdio_1                0x080001ff   Thumb Code     0  libshutdown2.o(.ARM.Collect$$libshutdown$$00000003)
    __rt_lib_shutdown_user_alloc_1           0x080001ff   Thumb Code     0  libshutdown2.o(.ARM.Collect$$libshutdown$$0000000B)
    __rt_entry                               0x08000201   Thumb Code     0  rtentry.o(.ARM.Collect$$rtentry$$00000000)
    __rt_entry_presh_1                       0x08000201   Thumb Code     0  rtentry2.o(.ARM.Collect$$rtentry$$00000002)
    __rt_entry_sh                            0x08000201   Thumb Code     0  rtentry4.o(.ARM.Collect$$rtentry$$00000004)
    __rt_entry_li                            0x08000207   Thumb Code     0  rtentry2.o(.ARM.Collect$$rtentry$$0000000A)
    __rt_entry_postsh_1                      0x08000207   Thumb Code     0  rtentry2.o(.ARM.Collect$$rtentry$$00000009)
    __rt_entry_main                          0x0800020b   Thumb Code     0  rtentry2.o(.ARM.Collect$$rtentry$$0000000D)
    __rt_entry_postli_1                      0x0800020b   Thumb Code     0  rtentry2.o(.ARM.Collect$$rtentry$$0000000C)
    __rt_exit                                0x08000213   Thumb Code     0  rtexit.o(.ARM.Collect$$rtexit$$00000000)
    __rt_exit_ls                             0x08000215   Thumb Code     0  rtexit2.o(.ARM.Collect$$rtexit$$00000003)
    __rt_exit_prels_1                        0x08000215   Thumb Code     0  rtexit2.o(.ARM.Collect$$rtexit$$00000002)
    __rt_exit_exit                           0x08000219   Thumb Code     0  rtexit2.o(.ARM.Collect$$rtexit$$00000004)
    rt_set_PSP                               0x08000221   Thumb Code     6  hal_cm3.o(.emb_text)
    rt_get_PSP                               0x08000227   Thumb Code     6  hal_cm3.o(.emb_text)
    os_set_env                               0x0800022d   Thumb Code    24  hal_cm3.o(.emb_text)
    _alloc_box                               0x08000249   Thumb Code    28  hal_cm3.o(.emb_text)
    _free_box                                0x08000269   Thumb Code    28  hal_cm3.o(.emb_text)
    SVC_Handler                              0x08000289   Thumb Code   124  hal_cm3.o(.emb_text)
    PendSV_Handler                           0x08000311   Thumb Code    76  hal_cm3.o(.emb_text)
    SysTick_Handler                          0x08000361   Thumb Code     8  hal_cm3.o(.emb_text)
    OS_Tick_Handler                          0x08000369   Thumb Code    12  hal_cm3.o(.emb_text)
    TextParse                                0x08000375   Thumb Code     4  textmessagemain.o(.text)
    ClockTask                                0x08000379   Thumb Code   318  textmessagemain.o(.text)
    JoystickTask                             0x080004b7   Thumb Code    80  textmessagemain.o(.text)
    TimerTask                                0x08000507   Thumb Code   116  textmessagemain.o(.text)
    InitTask                                 0x0800057b   Thumb Code   186  textmessagemain.o(.text)
    SerialInit                               0x08000635   Thumb Code    36  textmessagemain.o(.text)
    main                                     0x08000659   Thumb Code    40  textmessagemain.o(.text)
    USART3_IRQHandler                        0x08000681   Thumb Code    34  textmessagemain.o(.text)
    os_idle_demon                            0x0800074d   Thumb Code     4  rtx_conf_cm.o(.text)
    os_tmr_call                              0x08000751   Thumb Code     2  rtx_conf_cm.o(.text)
    os_error                                 0x08000753   Thumb Code     4  rtx_conf_cm.o(.text)
    rt_init_robin                            0x08000757   Thumb Code     2  rtx_conf_cm.o(.text)
    rt_chk_robin                             0x08000759   Thumb Code     2  rtx_conf_cm.o(.text)
    __user_perthread_libspace                0x0800075b   Thumb Code    26  rtx_conf_cm.o(.text)
    _mutex_initialize                        0x08000775   Thumb Code    38  rtx_conf_cm.o(.text)
    _mutex_acquire                           0x0800079b   Thumb Code    26  rtx_conf_cm.o(.text)
    _mutex_release                           0x080007b5   Thumb Code    22  rtx_conf_cm.o(.text)
    SystemInit                               0x0800088f   Thumb Code    74  system_stm32f2xx.o(.text)
    SystemCoreClockUpdate                    0x080008d9   Thumb Code   174  system_stm32f2xx.o(.text)
    Reset_Handler                            0x080009b1   Thumb Code     8  startup_stm32f2xx.o(.text)
    NMI_Handler                              0x080009b9   Thumb Code     2  startup_stm32f2xx.o(.text)
    HardFault_Handler                        0x080009bb   Thumb Code     2  startup_stm32f2xx.o(.text)
    MemManage_Handler                        0x080009bd   Thumb Code     2  startup_stm32f2xx.o(.text)
    BusFault_Handler                         0x080009bf   Thumb Code     2  startup_stm32f2xx.o(.text)
    UsageFault_Handler                       0x080009c1   Thumb Code     2  startup_stm32f2xx.o(.text)
    DebugMon_Handler                         0x080009c5   Thumb Code     2  startup_stm32f2xx.o(.text)
    ADC_IRQHandler                           0x080009cb   Thumb Code     0  startup_stm32f2xx.o(.text)
    CAN1_RX0_IRQHandler                      0x080009cb   Thumb Code     0  startup_stm32f2xx.o(.text)
    CAN1_RX1_IRQHandler                      0x080009cb   Thumb Code     0  startup_stm32f2xx.o(.text)
    CAN1_SCE_IRQHandler                      0x080009cb   Thumb Code     0  startup_stm32f2xx.o(.text)
    CAN1_TX_IRQHandler                       0x080009cb   Thumb Code     0  startup_stm32f2xx.o(.text)
    CAN2_RX0_IRQHandler                      0x080009cb   Thumb Code     0  startup_stm32f2xx.o(.text)
    CAN2_RX1_IRQHandler                      0x080009cb   Thumb Code     0  startup_stm32f2xx.o(.text)
    CAN2_SCE_IRQHandler                      0x080009cb   Thumb Code     0  startup_stm32f2xx.o(.text)
    CAN2_TX_IRQHandler                       0x080009cb   Thumb Code     0  startup_stm32f2xx.o(.text)
    CRYP_IRQHandler                          0x080009cb   Thumb Code     0  startup_stm32f2xx.o(.text)
    DCMI_IRQHandler                          0x080009cb   Thumb Code     0  startup_stm32f2xx.o(.text)
    DMA1_Stream0_IRQHandler                  0x080009cb   Thumb Code     0  startup_stm32f2xx.o(.text)
    DMA1_Stream1_IRQHandler                  0x080009cb   Thumb Code     0  startup_stm32f2xx.o(.text)
    DMA1_Stream2_IRQHandler                  0x080009cb   Thumb Code     0  startup_stm32f2xx.o(.text)
    DMA1_Stream3_IRQHandler                  0x080009cb   Thumb Code     0  startup_stm32f2xx.o(.text)
    DMA1_Stream4_IRQHandler                  0x080009cb   Thumb Code     0  startup_stm32f2xx.o(.text)
    DMA1_Stream5_IRQHandler                  0x080009cb   Thumb Code     0  startup_stm32f2xx.o(.text)
    DMA1_Stream6_IRQHandler                  0x080009cb   Thumb Code     0  startup_stm32f2xx.o(.text)
    DMA1_Stream7_IRQHandler                  0x080009cb   Thumb Code     0  startup_stm32f2xx.o(.text)
    DMA2_Stream0_IRQHandler                  0x080009cb   Thumb Code     0  startup_stm32f2xx.o(.text)
    DMA2_Stream1_IRQHandler                  0x080009cb   Thumb Code     0  startup_stm32f2xx.o(.text)
    DMA2_Stream2_IRQHandler                  0x080009cb   Thumb Code     0  startup_stm32f2xx.o(.text)
    DMA2_Stream3_IRQHandler                  0x080009cb   Thumb Code     0  startup_stm32f2xx.o(.text)
    DMA2_Stream4_IRQHandler                  0x080009cb   Thumb Code     0  startup_stm32f2xx.o(.text)
    DMA2_Stream5_IRQHandler                  0x080009cb   Thumb Code     0  startup_stm32f2xx.o(.text)
    DMA2_Stream6_IRQHandler                  0x080009cb   Thumb Code     0  startup_stm32f2xx.o(.text)
    DMA2_Stream7_IRQHandler                  0x080009cb   Thumb Code     0  startup_stm32f2xx.o(.text)
    ETH_IRQHandler                           0x080009cb   Thumb Code     0  startup_stm32f2xx.o(.text)
    ETH_WKUP_IRQHandler                      0x080009cb   Thumb Code     0  startup_stm32f2xx.o(.text)
    EXTI0_IRQHandler                         0x080009cb   Thumb Code     0  startup_stm32f2xx.o(.text)
    EXTI15_10_IRQHandler                     0x080009cb   Thumb Code     0  startup_stm32f2xx.o(.text)
    EXTI1_IRQHandler                         0x080009cb   Thumb Code     0  startup_stm32f2xx.o(.text)
    EXTI2_IRQHandler                         0x080009cb   Thumb Code     0  startup_stm32f2xx.o(.text)
    EXTI3_IRQHandler                         0x080009cb   Thumb Code     0  startup_stm32f2xx.o(.text)
    EXTI4_IRQHandler                         0x080009cb   Thumb Code     0  startup_stm32f2xx.o(.text)
    EXTI9_5_IRQHandler                       0x080009cb   Thumb Code     0  startup_stm32f2xx.o(.text)
    FLASH_IRQHandler                         0x080009cb   Thumb Code     0  startup_stm32f2xx.o(.text)
    FSMC_IRQHandler                          0x080009cb   Thumb Code     0  startup_stm32f2xx.o(.text)
    HASH_RNG_IRQHandler                      0x080009cb   Thumb Code     0  startup_stm32f2xx.o(.text)
    I2C1_ER_IRQHandler                       0x080009cb   Thumb Code     0  startup_stm32f2xx.o(.text)
    I2C1_EV_IRQHandler                       0x080009cb   Thumb Code     0  startup_stm32f2xx.o(.text)
    I2C2_ER_IRQHandler                       0x080009cb   Thumb Code     0  startup_stm32f2xx.o(.text)
    I2C2_EV_IRQHandler                       0x080009cb   Thumb Code     0  startup_stm32f2xx.o(.text)
    I2C3_ER_IRQHandler                       0x080009cb   Thumb Code     0  startup_stm32f2xx.o(.text)
    I2C3_EV_IRQHandler                       0x080009cb   Thumb Code     0  startup_stm32f2xx.o(.text)
    OTG_FS_IRQHandler                        0x080009cb   Thumb Code     0  startup_stm32f2xx.o(.text)
    OTG_FS_WKUP_IRQHandler                   0x080009cb   Thumb Code     0  startup_stm32f2xx.o(.text)
    OTG_HS_EP1_IN_IRQHandler                 0x080009cb   Thumb Code     0  startup_stm32f2xx.o(.text)
    OTG_HS_EP1_OUT_IRQHandler                0x080009cb   Thumb Code     0  startup_stm32f2xx.o(.text)
    OTG_HS_IRQHandler                        0x080009cb   Thumb Code     0  startup_stm32f2xx.o(.text)
    OTG_HS_WKUP_IRQHandler                   0x080009cb   Thumb Code     0  startup_stm32f2xx.o(.text)
    PVD_IRQHandler                           0x080009cb   Thumb Code     0  startup_stm32f2xx.o(.text)
    RCC_IRQHandler                           0x080009cb   Thumb Code     0  startup_stm32f2xx.o(.text)
    RTC_Alarm_IRQHandler                     0x080009cb   Thumb Code     0  startup_stm32f2xx.o(.text)
    RTC_WKUP_IRQHandler                      0x080009cb   Thumb Code     0  startup_stm32f2xx.o(.text)
    SDIO_IRQHandler                          0x080009cb   Thumb Code     0  startup_stm32f2xx.o(.text)
    SPI1_IRQHandler                          0x080009cb   Thumb Code     0  startup_stm32f2xx.o(.text)
    SPI2_IRQHandler                          0x080009cb   Thumb Code     0  startup_stm32f2xx.o(.text)
    SPI3_IRQHandler                          0x080009cb   Thumb Code     0  startup_stm32f2xx.o(.text)
    TAMP_STAMP_IRQHandler                    0x080009cb   Thumb Code     0  startup_stm32f2xx.o(.text)
    TIM1_BRK_TIM9_IRQHandler                 0x080009cb   Thumb Code     0  startup_stm32f2xx.o(.text)
    TIM1_CC_IRQHandler                       0x080009cb   Thumb Code     0  startup_stm32f2xx.o(.text)
    TIM1_TRG_COM_TIM11_IRQHandler            0x080009cb   Thumb Code     0  startup_stm32f2xx.o(.text)
    TIM1_UP_TIM10_IRQHandler                 0x080009cb   Thumb Code     0  startup_stm32f2xx.o(.text)
    TIM2_IRQHandler                          0x080009cb   Thumb Code     0  startup_stm32f2xx.o(.text)
    TIM3_IRQHandler                          0x080009cb   Thumb Code     0  startup_stm32f2xx.o(.text)
    TIM4_IRQHandler                          0x080009cb   Thumb Code     0  startup_stm32f2xx.o(.text)
    TIM5_IRQHandler                          0x080009cb   Thumb Code     0  startup_stm32f2xx.o(.text)
    TIM6_DAC_IRQHandler                      0x080009cb   Thumb Code     0  startup_stm32f2xx.o(.text)
    TIM7_IRQHandler                          0x080009cb   Thumb Code     0  startup_stm32f2xx.o(.text)
    TIM8_BRK_TIM12_IRQHandler                0x080009cb   Thumb Code     0  startup_stm32f2xx.o(.text)
    TIM8_CC_IRQHandler                       0x080009cb   Thumb Code     0  startup_stm32f2xx.o(.text)
    TIM8_TRG_COM_TIM14_IRQHandler            0x080009cb   Thumb Code     0  startup_stm32f2xx.o(.text)
    TIM8_UP_TIM13_IRQHandler                 0x080009cb   Thumb Code     0  startup_stm32f2xx.o(.text)
    UART4_IRQHandler                         0x080009cb   Thumb Code     0  startup_stm32f2xx.o(.text)
    UART5_IRQHandler                         0x080009cb   Thumb Code     0  startup_stm32f2xx.o(.text)
    USART1_IRQHandler                        0x080009cb   Thumb Code     0  startup_stm32f2xx.o(.text)
    USART2_IRQHandler                        0x080009cb   Thumb Code     0  startup_stm32f2xx.o(.text)
    USART6_IRQHandler                        0x080009cb   Thumb Code     0  startup_stm32f2xx.o(.text)
    WWDG_IRQHandler                          0x080009cb   Thumb Code     0  startup_stm32f2xx.o(.text)
    __user_initial_stackheap                 0x080009cd   Thumb Code     0  startup_stm32f2xx.o(.text)
    SER_Init                                 0x080009f1   Thumb Code   158  serial.o(.text)
    SER_PutChar                              0x08000a8f   Thumb Code    24  serial.o(.text)
    SER_GetChar                              0x08000aa7   Thumb Code    26  serial.o(.text)
    LED_Init                                 0x08000acd   Thumb Code   268  led.o(.text)
    LED_UnInit                               0x08000bd9   Thumb Code   150  led.o(.text)
    LED_On                                   0x08000c6f   Thumb Code    66  led.o(.text)
    LED_Off                                  0x08000cb1   Thumb Code    66  led.o(.text)
    LED_Val                                  0x08000cf3   Thumb Code    38  led.o(.text)
    LED_Num                                  0x08000d19   Thumb Code     4  led.o(.text)
    io_dir                                   0x08000d41   Thumb Code    90  i2c_stm32f2xx.o(.text)
    io_pin                                   0x08000d9b   Thumb Code    86  i2c_stm32f2xx.o(.text)
    io_state                                 0x08000df1   Thumb Code    32  i2c_stm32f2xx.o(.text)
    I2C_Init                                 0x08000e4d   Thumb Code   218  i2c_stm32f2xx.o(.text)
    I2C_Recovery                             0x08000f27   Thumb Code   158  i2c_stm32f2xx.o(.text)
    I2C_Start                                0x08000fc5   Thumb Code    22  i2c_stm32f2xx.o(.text)
    I2C_Stop                                 0x08000fdb   Thumb Code    24  i2c_stm32f2xx.o(.text)
    I2C_Addr                                 0x08000ff3   Thumb Code    24  i2c_stm32f2xx.o(.text)
    I2C_Write                                0x0800100b   Thumb Code    18  i2c_stm32f2xx.o(.text)
    I2C_Read                                 0x0800101d   Thumb Code    58  i2c_stm32f2xx.o(.text)
    I2C_WrBuf                                0x08001057   Thumb Code   150  i2c_stm32f2xx.o(.text)
    I2C_RdBuf                                0x080010ed   Thumb Code   178  i2c_stm32f2xx.o(.text)
    I2C_WrData                               0x0800119f   Thumb Code   158  i2c_stm32f2xx.o(.text)
    I2C_RdData                               0x0800123d   Thumb Code   196  i2c_stm32f2xx.o(.text)
    JOY_Init                                 0x08001327   Thumb Code    80  joy.o(.text)
    JOY_UnInit                               0x08001377   Thumb Code    12  joy.o(.text)
    JOY_GetKeys                              0x08001397   Thumb Code    98  joy.o(.text)
    SRAM_Init                                0x080013fd   Thumb Code   466  sram.o(.text)
    __user_libspace                          0x08001611   Thumb Code     8  libspace.o(.text)
    __user_perproc_libspace                  0x08001611   Thumb Code     0  libspace.o(.text)
    __use_two_region_memory                  0x08001619   Thumb Code     2  heapauxi.o(.text)
    __rt_heap_escrow$2region                 0x0800161b   Thumb Code     2  heapauxi.o(.text)
    __rt_heap_expand$2region                 0x0800161d   Thumb Code     2  heapauxi.o(.text)
    __user_setup_stackheap                   0x0800161f   Thumb Code    74  sys_stackheap_outer.o(.text)
    exit                                     0x08001669   Thumb Code    12  exit.o(.text)
    _sys_exit                                0x08001675   Thumb Code     8  sys_exit.o(.text)
    __I$use$semihosting                      0x08001681   Thumb Code     0  use_no_semi.o(.text)
    __use_no_semihosting_swi                 0x08001681   Thumb Code     2  use_no_semi.o(.text)
    __semihosting_library_function           0x08001683   Thumb Code     0  indicate_semi.o(.text)
    SVC_Count                                0x08001684   Data           4  SVC_Table.o(SVC_TABLE)
    SVC_Table                                0x08001688   Data           0  SVC_Table.o(SVC_TABLE)
    _init_box                                0x08001689   Thumb Code    70  rt_membox.o(i._init_box)
    dbg_init                                 0x080016d1   Thumb Code    34  hal_cm3.o(i.dbg_init)
    dbg_task_notify                          0x08001701   Thumb Code    32  hal_cm3.o(i.dbg_task_notify)
    dbg_task_switch                          0x08001721   Thumb Code    16  hal_cm3.o(i.dbg_task_switch)
    os_tick_init                             0x08001731   Thumb Code    32  rt_system.o(i.os_tick_init)
    os_tick_irqack                           0x08001759   Thumb Code     2  rt_system.o(i.os_tick_irqack)
    rt_alloc_box                             0x0800175b   Thumb Code    26  rt_membox.o(i.rt_alloc_box)
    rt_block                                 0x08001775   Thumb Code    48  rt_task.o(i.rt_block)
    rt_dec_dly                               0x080017ad   Thumb Code   106  rt_list.o(i.rt_dec_dly)
    rt_dispatch                              0x08001821   Thumb Code    60  rt_task.o(i.rt_dispatch)
    rt_dly_wait                              0x08001865   Thumb Code     6  rt_time.o(i.rt_dly_wait)
    rt_evt_clr                               0x0800186d   Thumb Code    22  rt_event.o(i.rt_evt_clr)
    rt_evt_get                               0x08001889   Thumb Code     8  rt_event.o(i.rt_evt_get)
    rt_evt_psh                               0x08001895   Thumb Code    72  rt_event.o(i.rt_evt_psh)
    rt_evt_set                               0x080018e1   Thumb Code    90  rt_event.o(i.rt_evt_set)
    rt_evt_wait                              0x08001941   Thumb Code    58  rt_event.o(i.rt_evt_wait)
    rt_free_box                              0x08001981   Thumb Code    32  rt_membox.o(i.rt_free_box)
    rt_get_first                             0x080019a1   Thumb Code    40  rt_list.o(i.rt_get_first)
    rt_init_stack                            0x08001a0d   Thumb Code    70  hal_cm3.o(i.rt_init_stack)
    rt_mbx_check                             0x08001a5d   Thumb Code     8  rt_mailbox.o(i.rt_mbx_check)
    rt_mbx_init                              0x08001a65   Thumb Code    26  rt_mailbox.o(i.rt_mbx_init)
    rt_mbx_psh                               0x08001a81   Thumb Code   188  rt_mailbox.o(i.rt_mbx_psh)
    rt_mut_init                              0x08001b41   Thumb Code    16  rt_mutex.o(i.rt_mut_init)
    rt_mut_release                           0x08001b51   Thumb Code   164  rt_mutex.o(i.rt_mut_release)
    rt_mut_wait                              0x08001bfd   Thumb Code    96  rt_mutex.o(i.rt_mut_wait)
    rt_pop_req                               0x08001c61   Thumb Code   106  rt_system.o(i.rt_pop_req)
    rt_put_dly                               0x08001cd9   Thumb Code    68  rt_list.o(i.rt_put_dly)
    rt_put_prio                              0x08001d21   Thumb Code    54  rt_list.o(i.rt_put_prio)
    rt_put_rdy_first                         0x08001d59   Thumb Code    14  rt_list.o(i.rt_put_rdy_first)
    rt_resort_prio                           0x08001d6d   Thumb Code    46  rt_list.o(i.rt_resort_prio)
    rt_rmv_dly                               0x08001da1   Thumb Code    40  rt_list.o(i.rt_rmv_dly)
    rt_rmv_list                              0x08001dc9   Thumb Code    44  rt_list.o(i.rt_rmv_list)
    rt_sem_init                              0x08001df9   Thumb Code    12  rt_semaphore.o(i.rt_sem_init)
    rt_sem_psh                               0x08001e05   Thumb Code    46  rt_semaphore.o(i.rt_sem_psh)
    rt_stk_check                             0x08001e39   Thumb Code    28  rt_system.o(i.rt_stk_check)
    rt_switch_req                            0x08001e5d   Thumb Code    30  rt_task.o(i.rt_switch_req)
    rt_sys_init                              0x08001e85   Thumb Code   266  rt_task.o(i.rt_sys_init)
    rt_systick                               0x08001fdd   Thumb Code    48  rt_system.o(i.rt_systick)
    rt_tmr_tick                              0x08002019   Thumb Code    56  rt_timer.o(i.rt_tmr_tick)
    rt_tsk_create                            0x08002059   Thumb Code   126  rt_task.o(i.rt_tsk_create)
    rt_tsk_delete                            0x080020ed   Thumb Code   162  rt_task.o(i.rt_tsk_delete)
    rt_tsk_self                              0x080021a9   Thumb Code    12  rt_task.o(i.rt_tsk_self)
    os_maxtaskrun                            0x080021b8   Data           2  rtx_conf_cm.o(.constdata)
    os_stackinfo                             0x080021bc   Data           4  rtx_conf_cm.o(.constdata)
    os_rrobin                                0x080021c0   Data           4  rtx_conf_cm.o(.constdata)
    os_trv                                   0x080021c4   Data           4  rtx_conf_cm.o(.constdata)
    os_flags                                 0x080021c8   Data           1  rtx_conf_cm.o(.constdata)
    os_clockrate                             0x080021cc   Data           4  rtx_conf_cm.o(.constdata)
    os_timernum                              0x080021d0   Data           4  rtx_conf_cm.o(.constdata)
    mp_tcb_size                              0x080021d4   Data           2  rtx_conf_cm.o(.constdata)
    mp_stk_size                              0x080021d8   Data           4  rtx_conf_cm.o(.constdata)
    os_fifo_size                             0x080021dc   Data           1  rtx_conf_cm.o(.constdata)
    mp_tmr_size                              0x080021de   Data           2  rtx_conf_cm.o(.constdata)
    led_mask                                 0x080021e0   Data          32  led.o(.constdata)
    Region$$Table$$Base                      0x08002200   Number         0  anon$$obj.o(Region$$Table)
    Region$$Table$$Limit                     0x08002220   Number         0  anon$$obj.o(Region$$Table)
    MsgRXQ                                   0x20000000   Data           4  textmessagemain.o(.data)
    MsgSTR                                   0x20000004   Data           4  textmessagemain.o(.data)
    timer5Hz                                 0x20000008   Data           2  textmessagemain.o(.data)
    timer1Hz                                 0x2000000a   Data           2  textmessagemain.o(.data)
    hourButton                               0x2000000c   Data           2  textmessagemain.o(.data)
    minButton                                0x2000000e   Data           2  textmessagemain.o(.data)
    txtRx                                    0x20000010   Data           2  textmessagemain.o(.data)
    osTimestamp                              0x20000012   Data           3  textmessagemain.o(.data)
    sem_Timer5Hz                             0x20000030   Data           8  textmessagemain.o(.data)
    sem_Timer1Hz                             0x20000038   Data           8  textmessagemain.o(.data)
    sem_TextRx                               0x20000040   Data           8  textmessagemain.o(.data)
    idTimerTask                              0x20000048   Data           4  textmessagemain.o(.data)
    idClockTask                              0x2000004c   Data           4  textmessagemain.o(.data)
    idJoyTask                                0x20000050   Data           4  textmessagemain.o(.data)
    idTextParse                              0x20000054   Data           4  textmessagemain.o(.data)
    m_tmr                                    0x20000058   Data           4  rtx_conf_cm.o(.data)
    SystemCoreClock                          0x20000060   Data           4  system_stm32f2xx.o(.data)
    AHBPrescTable                            0x20000064   Data          16  system_stm32f2xx.o(.data)
    os_tsk                                   0x20000074   Data           8  rt_task.o(.data)
    os_time                                  0x2000007c   Data           4  rt_time.o(.data)
    dbg_msg                                  0x20000080   Data           1  hal_cm3.o(.data)
    os_tick_irqn                             0x20000088   Data           4  rt_system.o(.data)
    os_tmr                                   0x2000008c   Data           8  rt_timer.o(.data)
    mut_osTimestamp                          0x20000094   Data          12  textmessagemain.o(.bss)
    mut_msgList                              0x200000a0   Data          12  textmessagemain.o(.bss)
    lstRXQ                                   0x200000ac   Data          12  textmessagemain.o(.bss)
    lstStrUsed                               0x200000b8   Data          12  textmessagemain.o(.bss)
    lstStrFree                               0x200000c4   Data          12  textmessagemain.o(.bss)
    mbx_MsgBuffer                            0x200000d0   Data          32  textmessagemain.o(.bss)
    mp_tcb                                   0x200000f0   Data         492  rtx_conf_cm.o(.bss)
    mp_stk                                   0x200002e0   Data        2832  rtx_conf_cm.o(.bss)
    os_fifo                                  0x20000df0   Data         132  rtx_conf_cm.o(.bss)
    os_active_TCB                            0x20000e74   Data          40  rtx_conf_cm.o(.bss)
    os_idle_TCB                              0x200012bc   Data          48  rt_task.o(.bss)
    os_rdy                                   0x200012ec   Data          24  rt_list.o(.bss)
    os_dly                                   0x20001304   Data          24  rt_list.o(.bss)
    __libspace_start                         0x2000131c   Data          96  libspace.o(.bss)
    __temporary_stack_top$libspace           0x2000137c   Data           0  libspace.o(.bss)



==============================================================================

Memory Map of the image

  Image Entry point : 0x08000185

  Load Region LR_IROM1 (Base: 0x08000000, Size: 0x000022b4, Max: 0x00100000, ABSOLUTE)

    Execution Region ER_IROM1 (Base: 0x08000000, Size: 0x00002220, Max: 0x00100000, ABSOLUTE)

    Base Addr    Size         Type   Attr      Idx    E Section Name        Object

    0x08000000   0x00000184   Data   RO          149    RESET               startup_stm32f2xx.o
    0x08000184   0x00000008   Code   RO          976  * !!!main             c_w.l(__main.o)
    0x0800018c   0x00000034   Code   RO         1127    !!!scatter          c_w.l(__scatter.o)
    0x080001c0   0x0000001a   Code   RO         1129    !!handler_copy      c_w.l(__scatter_copy.o)
    0x080001da   0x00000002   PAD
    0x080001dc   0x0000001c   Code   RO         1131    !!handler_zi        c_w.l(__scatter_zi.o)
    0x080001f8   0x00000002   Code   RO         1003    .ARM.Collect$$libinit$$00000000  c_w.l(libinit.o)
    0x080001fa   0x00000000   Code   RO         1007    .ARM.Collect$$libinit$$00000002  c_w.l(libinit2.o)
    0x080001fa   0x00000000   Code   RO         1010    .ARM.Collect$$libinit$$00000008  c_w.l(libinit2.o)
    0x080001fa   0x00000000   Code   RO         1012    .ARM.Collect$$libinit$$0000000A  c_w.l(libinit2.o)
    0x080001fa   0x00000000   Code   RO         1014    .ARM.Collect$$libinit$$0000000C  c_w.l(libinit2.o)
    0x080001fa   0x00000000   Code   RO         1017    .ARM.Collect$$libinit$$0000000F  c_w.l(libinit2.o)
    0x080001fa   0x00000000   Code   RO         1019    .ARM.Collect$$libinit$$00000011  c_w.l(libinit2.o)
    0x080001fa   0x00000000   Code   RO         1021    .ARM.Collect$$libinit$$00000013  c_w.l(libinit2.o)
    0x080001fa   0x00000000   Code   RO         1023    .ARM.Collect$$libinit$$00000015  c_w.l(libinit2.o)
    0x080001fa   0x00000000   Code   RO         1025    .ARM.Collect$$libinit$$00000017  c_w.l(libinit2.o)
    0x080001fa   0x00000000   Code   RO         1027    .ARM.Collect$$libinit$$00000019  c_w.l(libinit2.o)
    0x080001fa   0x00000000   Code   RO         1029    .ARM.Collect$$libinit$$0000001B  c_w.l(libinit2.o)
    0x080001fa   0x00000000   Code   RO         1031    .ARM.Collect$$libinit$$0000001D  c_w.l(libinit2.o)
    0x080001fa   0x00000000   Code   RO         1033    .ARM.Collect$$libinit$$0000001F  c_w.l(libinit2.o)
    0x080001fa   0x00000000   Code   RO         1035    .ARM.Collect$$libinit$$00000021  c_w.l(libinit2.o)
    0x080001fa   0x00000000   Code   RO         1037    .ARM.Collect$$libinit$$00000023  c_w.l(libinit2.o)
    0x080001fa   0x00000000   Code   RO         1041    .ARM.Collect$$libinit$$0000002A  c_w.l(libinit2.o)
    0x080001fa   0x00000000   Code   RO         1043    .ARM.Collect$$libinit$$0000002C  c_w.l(libinit2.o)
    0x080001fa   0x00000000   Code   RO         1045    .ARM.Collect$$libinit$$0000002E  c_w.l(libinit2.o)
    0x080001fa   0x00000000   Code   RO         1047    .ARM.Collect$$libinit$$00000030  c_w.l(libinit2.o)
    0x080001fa   0x00000002   Code   RO         1048    .ARM.Collect$$libinit$$00000031  c_w.l(libinit2.o)
    0x080001fc   0x00000002   Code   RO         1068    .ARM.Collect$$libshutdown$$00000000  c_w.l(libshutdown.o)
    0x080001fe   0x00000000   Code   RO         1082    .ARM.Collect$$libshutdown$$00000003  c_w.l(libshutdown2.o)
    0x080001fe   0x00000000   Code   RO         1085    .ARM.Collect$$libshutdown$$00000006  c_w.l(libshutdown2.o)
    0x080001fe   0x00000000   Code   RO         1088    .ARM.Collect$$libshutdown$$00000009  c_w.l(libshutdown2.o)
    0x080001fe   0x00000000   Code   RO         1090    .ARM.Collect$$libshutdown$$0000000B  c_w.l(libshutdown2.o)
    0x080001fe   0x00000000   Code   RO         1093    .ARM.Collect$$libshutdown$$0000000E  c_w.l(libshutdown2.o)
    0x080001fe   0x00000002   Code   RO         1094    .ARM.Collect$$libshutdown$$0000000F  c_w.l(libshutdown2.o)
    0x08000200   0x00000000   Code   RO          978    .ARM.Collect$$rtentry$$00000000  c_w.l(rtentry.o)
    0x08000200   0x00000000   Code   RO          980    .ARM.Collect$$rtentry$$00000002  c_w.l(rtentry2.o)
    0x08000200   0x00000006   Code   RO          992    .ARM.Collect$$rtentry$$00000004  c_w.l(rtentry4.o)
    0x08000206   0x00000000   Code   RO          982    .ARM.Collect$$rtentry$$00000009  c_w.l(rtentry2.o)
    0x08000206   0x00000004   Code   RO          983    .ARM.Collect$$rtentry$$0000000A  c_w.l(rtentry2.o)
    0x0800020a   0x00000000   Code   RO          985    .ARM.Collect$$rtentry$$0000000C  c_w.l(rtentry2.o)
    0x0800020a   0x00000008   Code   RO          986    .ARM.Collect$$rtentry$$0000000D  c_w.l(rtentry2.o)
    0x08000212   0x00000002   Code   RO         1004    .ARM.Collect$$rtexit$$00000000  c_w.l(rtexit.o)
    0x08000214   0x00000000   Code   RO         1050    .ARM.Collect$$rtexit$$00000002  c_w.l(rtexit2.o)
    0x08000214   0x00000004   Code   RO         1051    .ARM.Collect$$rtexit$$00000003  c_w.l(rtexit2.o)
    0x08000218   0x00000006   Code   RO         1052    .ARM.Collect$$rtexit$$00000004  c_w.l(rtexit2.o)
    0x0800021e   0x00000002   PAD
    0x08000220   0x00000154   Code   RO          684    .emb_text           RTX_CM3.LIB(hal_cm3.o)
    0x08000374   0x000003d8   Code   RO            3    .text               textmessagemain.o
    0x0800074c   0x00000098   Code   RO           97    .text               rtx_conf_cm.o
    0x080007e4   0x000001cc   Code   RO          123    .text               system_stm32f2xx.o
    0x080009b0   0x00000040   Code   RO          150    .text               startup_stm32f2xx.o
    0x080009f0   0x000000dc   Code   RO          207    .text               serial.o
    0x08000acc   0x00000264   Code   RO          230    .text               led.o
    0x08000d30   0x000005e4   Code   RO          279    .text               i2c_stm32f2xx.o
    0x08001314   0x000000e8   Code   RO          302    .text               joy.o
    0x080013fc   0x00000214   Code   RO          358    .text               sram.o
    0x08001610   0x00000008   Code   RO          971    .text               c_w.l(libspace.o)
    0x08001618   0x00000006   Code   RO          974    .text               c_w.l(heapauxi.o)
    0x0800161e   0x0000004a   Code   RO          994    .text               c_w.l(sys_stackheap_outer.o)
    0x08001668   0x0000000c   Code   RO          996    .text               c_w.l(exit.o)
    0x08001674   0x0000000c   Code   RO         1060    .text               c_w.l(sys_exit.o)
    0x08001680   0x00000002   Code   RO         1071    .text               c_w.l(use_no_semi.o)
    0x08001682   0x00000000   Code   RO         1073    .text               c_w.l(indicate_semi.o)
    0x08001682   0x00000002   PAD
    0x08001684   0x00000004   Code   RO          918    SVC_TABLE           RTX_CM3.LIB(SVC_Table.o)
    0x08001688   0x00000046   Code   RO          889    i._init_box         RTX_CM3.LIB(rt_membox.o)
    0x080016ce   0x00000002   PAD
    0x080016d0   0x00000030   Code   RO          685    i.dbg_init          RTX_CM3.LIB(hal_cm3.o)
    0x08001700   0x00000020   Code   RO          686    i.dbg_task_notify   RTX_CM3.LIB(hal_cm3.o)
    0x08001720   0x00000010   Code   RO          687    i.dbg_task_switch   RTX_CM3.LIB(hal_cm3.o)
    0x08001730   0x00000028   Code   RO          726    i.os_tick_init      RTX_CM3.LIB(rt_system.o)
    0x08001758   0x00000002   Code   RO          727    i.os_tick_irqack    RTX_CM3.LIB(rt_system.o)
    0x0800175a   0x0000001a   Code   RO          890    i.rt_alloc_box      RTX_CM3.LIB(rt_membox.o)
    0x08001774   0x00000038   Code   RO          394    i.rt_block          RTX_CM3.LIB(rt_task.o)
    0x080017ac   0x00000074   Code   RO          809    i.rt_dec_dly        RTX_CM3.LIB(rt_list.o)
    0x08001820   0x00000044   Code   RO          395    i.rt_dispatch       RTX_CM3.LIB(rt_task.o)
    0x08001864   0x00000006   Code   RO          627    i.rt_dly_wait       RTX_CM3.LIB(rt_time.o)
    0x0800186a   0x00000002   PAD
    0x0800186c   0x0000001c   Code   RO          494    i.rt_evt_clr        RTX_CM3.LIB(rt_event.o)
    0x08001888   0x0000000c   Code   RO          495    i.rt_evt_get        RTX_CM3.LIB(rt_event.o)
    0x08001894   0x0000004c   Code   RO          496    i.rt_evt_psh        RTX_CM3.LIB(rt_event.o)
    0x080018e0   0x00000060   Code   RO          497    i.rt_evt_set        RTX_CM3.LIB(rt_event.o)
    0x08001940   0x00000040   Code   RO          498    i.rt_evt_wait       RTX_CM3.LIB(rt_event.o)
    0x08001980   0x00000020   Code   RO          891    i.rt_free_box       RTX_CM3.LIB(rt_membox.o)
    0x080019a0   0x00000028   Code   RO          810    i.rt_get_first      RTX_CM3.LIB(rt_list.o)
    0x080019c8   0x00000044   Code   RO          396    i.rt_init_context   RTX_CM3.LIB(rt_task.o)
    0x08001a0c   0x00000050   Code   RO          688    i.rt_init_stack     RTX_CM3.LIB(hal_cm3.o)
    0x08001a5c   0x00000008   Code   RO          541    i.rt_mbx_check      RTX_CM3.LIB(rt_mailbox.o)
    0x08001a64   0x0000001a   Code   RO          542    i.rt_mbx_init       RTX_CM3.LIB(rt_mailbox.o)
    0x08001a7e   0x00000002   PAD
    0x08001a80   0x000000c0   Code   RO          543    i.rt_mbx_psh        RTX_CM3.LIB(rt_mailbox.o)
    0x08001b40   0x00000010   Code   RO          660    i.rt_mut_init       RTX_CM3.LIB(rt_mutex.o)
    0x08001b50   0x000000ac   Code   RO          661    i.rt_mut_release    RTX_CM3.LIB(rt_mutex.o)
    0x08001bfc   0x00000064   Code   RO          662    i.rt_mut_wait       RTX_CM3.LIB(rt_mutex.o)
    0x08001c60   0x00000078   Code   RO          728    i.rt_pop_req        RTX_CM3.LIB(rt_system.o)
    0x08001cd8   0x00000048   Code   RO          813    i.rt_put_dly        RTX_CM3.LIB(rt_list.o)
    0x08001d20   0x00000036   Code   RO          814    i.rt_put_prio       RTX_CM3.LIB(rt_list.o)
    0x08001d56   0x00000002   PAD
    0x08001d58   0x00000014   Code   RO          815    i.rt_put_rdy_first  RTX_CM3.LIB(rt_list.o)
    0x08001d6c   0x00000034   Code   RO          816    i.rt_resort_prio    RTX_CM3.LIB(rt_list.o)
    0x08001da0   0x00000028   Code   RO          817    i.rt_rmv_dly        RTX_CM3.LIB(rt_list.o)
    0x08001dc8   0x00000030   Code   RO          818    i.rt_rmv_list       RTX_CM3.LIB(rt_list.o)
    0x08001df8   0x0000000c   Code   RO          592    i.rt_sem_init       RTX_CM3.LIB(rt_semaphore.o)
    0x08001e04   0x00000034   Code   RO          593    i.rt_sem_psh        RTX_CM3.LIB(rt_semaphore.o)
    0x08001e38   0x00000024   Code   RO          731    i.rt_stk_check      RTX_CM3.LIB(rt_system.o)
    0x08001e5c   0x00000028   Code   RO          397    i.rt_switch_req     RTX_CM3.LIB(rt_task.o)
    0x08001e84   0x00000158   Code   RO          398    i.rt_sys_init       RTX_CM3.LIB(rt_task.o)
    0x08001fdc   0x0000003c   Code   RO          733    i.rt_systick        RTX_CM3.LIB(rt_system.o)
    0x08002018   0x00000040   Code   RO          923    i.rt_tmr_tick       RTX_CM3.LIB(rt_timer.o)
    0x08002058   0x00000094   Code   RO          399    i.rt_tsk_create     RTX_CM3.LIB(rt_task.o)
    0x080020ec   0x000000bc   Code   RO          400    i.rt_tsk_delete     RTX_CM3.LIB(rt_task.o)
    0x080021a8   0x00000010   Code   RO          403    i.rt_tsk_self       RTX_CM3.LIB(rt_task.o)
    0x080021b8   0x00000028   Data   RO           99    .constdata          rtx_conf_cm.o
    0x080021e0   0x00000020   Data   RO          231    .constdata          led.o
    0x08002200   0x00000020   Data   RO         1125    Region$$Table       anon$$obj.o


    Execution Region RW_IRAM1 (Base: 0x20000000, Size: 0x00001980, Max: 0x00020000, ABSOLUTE)

    Base Addr    Size         Type   Attr      Idx    E Section Name        Object

    0x20000000   0x00000058   Data   RW            5    .data               textmessagemain.o
    0x20000058   0x00000008   Data   RW          100    .data               rtx_conf_cm.o
    0x20000060   0x00000014   Data   RW          124    .data               system_stm32f2xx.o
    0x20000074   0x00000008   Data   RW          405    .data               RTX_CM3.LIB(rt_task.o)
    0x2000007c   0x00000004   Data   RW          631    .data               RTX_CM3.LIB(rt_time.o)
    0x20000080   0x00000001   Data   RW          689    .data               RTX_CM3.LIB(hal_cm3.o)
    0x20000081   0x00000003   PAD
    0x20000084   0x00000008   Data   RW          736    .data               RTX_CM3.LIB(rt_system.o)
    0x2000008c   0x00000008   Data   RW          924    .data               RTX_CM3.LIB(rt_timer.o)
    0x20000094   0x0000005c   Zero   RW            4    .bss                textmessagemain.o
    0x200000f0   0x000011cc   Zero   RW           98    .bss                rtx_conf_cm.o
    0x200012bc   0x00000030   Zero   RW          404    .bss                RTX_CM3.LIB(rt_task.o)
    0x200012ec   0x00000030   Zero   RW          819    .bss                RTX_CM3.LIB(rt_list.o)
    0x2000131c   0x00000060   Zero   RW          972    .bss                c_w.l(libspace.o)
    0x2000137c   0x00000004   PAD
    0x20001380   0x00000200   Zero   RW          148    HEAP                startup_stm32f2xx.o
    0x20001580   0x00000400   Zero   RW          147    STACK               startup_stm32f2xx.o


==============================================================================

Image component sizes


      Code (inc. data)   RO Data    RW Data    ZI Data      Debug   Object Name

      1508         38          0          0          0       5316   i2c_stm32f2xx.o
       232          4          0          0          0       1462   joy.o
       612         20         32          0          0       1776   led.o
       152         26         40          8       4556       9792   rtx_conf_cm.o
       220         12          0          0          0        803   serial.o
       532         66          0          0          0        512   sram.o
        64         26        388          0       1536        716   startup_stm32f2xx.o
       460         42          0         20          0       1571   system_stm32f2xx.o
       984        170          0         88         92      15635   textmessagemain.o

    ----------------------------------------------------------------------
      4764        404        492        116       6184      37583   Object Totals
         0          0         32          0          0          0   (incl. Generated)
         0          0          0          0          0          0   (incl. Padding)

    ----------------------------------------------------------------------

      Code (inc. data)   RO Data    RW Data    ZI Data      Debug   Library Member Name

         4          4          0          0          0        136   SVC_Table.o
       516         56          0          1          0       2465   hal_cm3.o
       276         26          0          0          0       2418   rt_event.o
       442         30          0          0         48       3794   rt_list.o
       226          4          0          0          0       1410   rt_mailbox.o
       128          0          0          0          0       1489   rt_membox.o
       288         12          0          0          0       1601   rt_mutex.o
        64          6          0          0          0        855   rt_semaphore.o
       258         42          0          8          0       2962   rt_system.o
       928        160          0          8         48       6656   rt_task.o
         6          0          0          4          0        504   rt_time.o
        64          8          0          8          0        583   rt_timer.o
         8          0          0          0          0         68   __main.o
        52          8          0          0          0          0   __scatter.o
        26          0          0          0          0          0   __scatter_copy.o
        28          0          0          0          0          0   __scatter_zi.o
        12          0          0          0          0         72   exit.o
         6          0          0          0          0        152   heapauxi.o
         0          0          0          0          0          0   indicate_semi.o
         2          0          0          0          0          0   libinit.o
         2          0          0          0          0          0   libinit2.o
         2          0          0          0          0          0   libshutdown.o
         2          0          0          0          0          0   libshutdown2.o
         8          4          0          0         96         68   libspace.o
         0          0          0          0          0          0   rtentry.o
        12          0          0          0          0          0   rtentry2.o
         6          0          0          0          0          0   rtentry4.o
         2          0          0          0          0          0   rtexit.o
        10          0          0          0          0          0   rtexit2.o
        12          4          0          0          0         68   sys_exit.o
        74          0          0          0          0         80   sys_stackheap_outer.o
         2          0          0          0          0         68   use_no_semi.o

    ----------------------------------------------------------------------
      3480        364          0         32        196      25449   Library Totals
        14          0          0          3          4          0   (incl. Padding)

    ----------------------------------------------------------------------

      Code (inc. data)   RO Data    RW Data    ZI Data      Debug   Library Name

      3200        348          0         29         96      24873   RTX_CM3.LIB
       266         16          0          0         96        576   c_w.l

    ----------------------------------------------------------------------
      3480        364          0         32        196      25449   Library Totals

    ----------------------------------------------------------------------

==============================================================================


      Code (inc. data)   RO Data    RW Data    ZI Data      Debug   

      8244        768        492        148       6380      59964   Grand Totals
      8244        768        492        148       6380      59964   ELF Image Totals
      8244        768        492        148          0          0   ROM Totals

==============================================================================

    Total RO  Size (Code + RO Data)                 8736 (   8.53kB)
    Total RW  Size (RW Data + ZI Data)              6528 (   6.38kB)
    Total ROM Size (Code + RO Data + RW Data)       8884 (   8.68kB)

==============================================================================

